Archive member included to satisfy reference by file (symbol)

app/libapp.a(main.c.obj)      (--whole-archive)
zephyr/libzephyr.a(getopt.c.obj)
                              (--whole-archive)
zephyr/libzephyr.a(getopt_common.c.obj)
                              (--whole-archive)
zephyr/libzephyr.a(cbprintf_packaged.c.obj)
                              (--whole-archive)
zephyr/libzephyr.a(dec.c.obj)
                              (--whole-archive)
zephyr/libzephyr.a(hex.c.obj)
                              (--whole-archive)
zephyr/libzephyr.a(printk.c.obj)
                              (--whole-archive)
zephyr/libzephyr.a(rb.c.obj)  (--whole-archive)
zephyr/libzephyr.a(sem.c.obj)
                              (--whole-archive)
zephyr/libzephyr.a(thread_entry.c.obj)
                              (--whole-archive)
zephyr/libzephyr.a(timeutil.c.obj)
                              (--whole-archive)
zephyr/libzephyr.a(heap.c.obj)
                              (--whole-archive)
zephyr/libzephyr.a(heap-validate.c.obj)
                              (--whole-archive)
zephyr/libzephyr.a(bitarray.c.obj)
                              (--whole-archive)
zephyr/libzephyr.a(multi_heap.c.obj)
                              (--whole-archive)
zephyr/libzephyr.a(cbprintf_complete.c.obj)
                              (--whole-archive)
zephyr/libzephyr.a(ring_buffer.c.obj)
                              (--whole-archive)
zephyr/libzephyr.a(assert.c.obj)
                              (--whole-archive)
zephyr/libzephyr.a(configs.c.obj)
                              (--whole-archive)
zephyr/libzephyr.a(soc.c.obj)
                              (--whole-archive)
zephyr/libzephyr.a(stm32cube_hal.c.obj)
                              (--whole-archive)
zephyr/libzephyr.a(soc_config.c.obj)
                              (--whole-archive)
zephyr/libzephyr.a(mem_attr.c.obj)
                              (--whole-archive)
zephyr/libzephyr.a(tracing_none.c.obj)
                              (--whole-archive)
zephyr/libzephyr.a(kernel_service.c.obj)
                              (--whole-archive)
zephyr/libzephyr.a(device_service.c.obj)
                              (--whole-archive)
zephyr/libzephyr.a(devmem_service.c.obj)
                              (--whole-archive)
zephyr/libzephyr.a(shell_uart.c.obj)
                              (--whole-archive)
zephyr/libzephyr.a(shell.c.obj)
                              (--whole-archive)
zephyr/libzephyr.a(shell_fprintf.c.obj)
                              (--whole-archive)
zephyr/libzephyr.a(shell_utils.c.obj)
                              (--whole-archive)
zephyr/libzephyr.a(shell_ops.c.obj)
                              (--whole-archive)
zephyr/libzephyr.a(shell_help.c.obj)
                              (--whole-archive)
zephyr/libzephyr.a(shell_cmds.c.obj)
                              (--whole-archive)
zephyr/libzephyr.a(shell_history.c.obj)
                              (--whole-archive)
zephyr/libzephyr.a(shell_wildcard.c.obj)
                              (--whole-archive)
zephyr/arch/common/libarch__common.a(sw_isr_common.c.obj)
                              (--whole-archive)
zephyr/arch/arch/arm/core/libarch__arm__core.a(fatal.c.obj)
                              (--whole-archive)
zephyr/arch/arch/arm/core/libarch__arm__core.a(nmi.c.obj)
                              (--whole-archive)
zephyr/arch/arch/arm/core/libarch__arm__core.a(nmi_on_reset.S.obj)
                              (--whole-archive)
zephyr/arch/arch/arm/core/libarch__arm__core.a(tls.c.obj)
                              (--whole-archive)
zephyr/arch/arch/arm/core/cortex_m/libarch__arm__core__cortex_m.a(exc_exit.S.obj)
                              (--whole-archive)
zephyr/arch/arch/arm/core/cortex_m/libarch__arm__core__cortex_m.a(fault.c.obj)
                              (--whole-archive)
zephyr/arch/arch/arm/core/cortex_m/libarch__arm__core__cortex_m.a(fault_s.S.obj)
                              (--whole-archive)
zephyr/arch/arch/arm/core/cortex_m/libarch__arm__core__cortex_m.a(fpu.c.obj)
                              (--whole-archive)
zephyr/arch/arch/arm/core/cortex_m/libarch__arm__core__cortex_m.a(reset.S.obj)
                              (--whole-archive)
zephyr/arch/arch/arm/core/cortex_m/libarch__arm__core__cortex_m.a(scb.c.obj)
                              (--whole-archive)
zephyr/arch/arch/arm/core/cortex_m/libarch__arm__core__cortex_m.a(thread_abort.c.obj)
                              (--whole-archive)
zephyr/arch/arch/arm/core/cortex_m/libarch__arm__core__cortex_m.a(vector_table.S.obj)
                              (--whole-archive)
zephyr/arch/arch/arm/core/cortex_m/libarch__arm__core__cortex_m.a(swap.c.obj)
                              (--whole-archive)
zephyr/arch/arch/arm/core/cortex_m/libarch__arm__core__cortex_m.a(swap_helper.S.obj)
                              (--whole-archive)
zephyr/arch/arch/arm/core/cortex_m/libarch__arm__core__cortex_m.a(irq_manage.c.obj)
[...]
Memory Configuration

Name             Origin             Length             Attributes
FLASH            0x0000000008000000 0x0000000000020000 xr
RAM              0x0000000020000000 0x0000000000008000 xw
IDT_LIST         0x00000000fffff7ff 0x0000000000000800 xw
*default*        0x0000000000000000 0xffffffffffffffff

Linker script and memory map

LOAD zephyr/CMakeFiles/zephyr_pre0.dir/misc/empty_file.c.obj
LOAD zephyr/CMakeFiles/offsets.dir/./arch/arm/core/offsets/offsets.c.obj
LOAD app/libapp.a
LOAD zephyr/libzephyr.a
LOAD zephyr/arch/common/libarch__common.a
LOAD zephyr/arch/arch/arm/core/libarch__arm__core.a
LOAD zephyr/arch/arch/arm/core/cortex_m/libarch__arm__core__cortex_m.a
LOAD zephyr/arch/arch/arm/core/mpu/libarch__arm__core__mpu.a
LOAD zephyr/lib/libc/picolibc/liblib__libc__picolibc.a
LOAD zephyr/lib/libc/common/liblib__libc__common.a
LOAD zephyr/lib/posix/liblib__posix.a
LOAD zephyr/drivers/interrupt_controller/libdrivers__interrupt_controller.a
LOAD zephyr/drivers/clock_control/libdrivers__clock_control.a
LOAD zephyr/drivers/console/libdrivers__console.a
LOAD zephyr/drivers/gpio/libdrivers__gpio.a
LOAD zephyr/drivers/pinctrl/libdrivers__pinctrl.a
LOAD zephyr/drivers/reset/libdrivers__reset.a
LOAD zephyr/drivers/serial/libdrivers__serial.a
LOAD zephyr/drivers/timer/libdrivers__timer.a
LOAD modules/stm32/stm32cube/lib..__modules__hal__stm32__stm32cube.a
LOAD zephyr/kernel/libkernel.a
LOAD /home/parallels/zephyr-sdk-0.16.3/arm-zephyr-eabi/bin/../lib/gcc/arm-zephyr-eabi/12.2.0/thumb/v7e-m/nofp/libgcc.a
LOAD zephyr/arch/common/libisr_tables.a
LOAD /home/parallels/zephyr-sdk-0.16.3/arm-zephyr-eabi/bin/../lib/gcc/../../picolibc/arm-zephyr-eabi/lib/thumb/v7e-m/nofp/libc.a
LOAD /home/parallels/zephyr-sdk-0.16.3/arm-zephyr-eabi/bin/../lib/gcc/arm-zephyr-eabi/12.2.0/thumb/v7e-m/nofp/libgcc.a
                0x0000000000000020                _region_min_align = 0x20

.rel.plt        0x0000000008000000        0x0
 *(SORT_BY_ALIGNMENT(.rel.plt))
                [!provide]                        PROVIDE (__rel_iplt_start = .)
 *(SORT_BY_ALIGNMENT(.rel.iplt))
 .rel.iplt      0x0000000008000000        0x0 app/libapp.a(main.c.obj)
                [!provide]                        PROVIDE (__rel_iplt_end = .)

.rela.plt       0x0000000000000000        0x0
 *(SORT_BY_ALIGNMENT(.rela.plt))
                [!provide]                        PROVIDE (__rela_iplt_start = .)
 *(SORT_BY_ALIGNMENT(.rela.iplt))
                [!provide]                        PROVIDE (__rela_iplt_end = .)

.rel.dyn
 *(SORT_BY_ALIGNMENT(.rel.*))

.rela.dyn
 *(SORT_BY_ALIGNMENT(.rela.*))

/DISCARD/
 *(SORT_BY_ALIGNMENT(.plt))

/DISCARD/
 *(SORT_BY_ALIGNMENT(.iplt))
                0x0000000008000000                __rom_region_start = 0x8000000

rom_start       0x0000000008000000      0x1d8
                0x0000000008000000                __rom_start_address = .
 FILL mask 0x00
                0x0000000008000000                . = (. + (0x0 - (. - __rom_start_address)))
                0x0000000008000000                . = ALIGN (0x4)
                0x0000000008000000                . = ALIGN (0x80)
                0x0000000008000000                . = ALIGN (0x200)
                0x0000000008000000                _vector_start = .
 *(SORT_BY_ALIGNMENT(.exc_vector_table))
 *(SORT_BY_ALIGNMENT(.exc_vector_table.*))
 .exc_vector_table._vector_table_section
                0x0000000008000000       0x40 zephyr/arch/arch/arm/core/cortex_m/libarch__arm__core__cortex_m.a(vector_table.S.obj)
                0x0000000008000000                _vector_table
 *(SORT_BY_ALIGNMENT(.vectors))
                0x00000000080001d8                _vector_end = .
                0x0000000008000040                . = ALIGN (0x4)
 *(SORT_BY_ALIGNMENT(.gnu.linkonce.irq_vector_table*))
 .gnu.linkonce.irq_vector_table
                0x0000000008000040      0x198 zephyr/arch/common/libisr_tables.a(isr_tables.c.obj)
                0x0000000008000040                _irq_vector_table
                0x00000000080001d8                _vector_end = .

text            0x00000000080001d8     0x9000
                0x00000000080001d8                __text_region_start = .
 *(SORT_BY_ALIGNMENT(.text))
 .text          0x00000000080001d8       0xa0 /home/parallels/zephyr-sdk-0.16.3/arm-zephyr-eabi/bin/../lib/gcc/arm-zephyr-eabi/12.2.0/thumb/v7e-m/nofp/libgcc.a(_aeabi_ldivmod.o)
                0x00000000080001d8                __aeabi_ldivmod
 .text          0x0000000008000278       0x30 /home/parallels/zephyr-sdk-0.16.3/arm-zephyr-eabi/bin/../lib/gcc/arm-zephyr-eabi/12.2.0/thumb/v7e-m/nofp/libgcc.a(_aeabi_uldivmod.o)
                0x0000000008000278                __aeabi_uldivmod
 .text          0x00000000080002a8        0x4 /home/parallels/zephyr-sdk-0.16.3/arm-zephyr-eabi/bin/../lib/gcc/arm-zephyr-eabi/12.2.0/thumb/v7e-m/nofp/libgcc.a(_dvmd_tls.o)
                0x00000000080002a8                __aeabi_ldiv0
                0x00000000080002a8                __aeabi_idiv0
 .text          0x00000000080002ac      0x2a0 /home/parallels/zephyr-sdk-0.16.3/arm-zephyr-eabi/bin/../lib/gcc/arm-zephyr-eabi/12.2.0/thumb/v7e-m/nofp/libgcc.a(_udivmoddi4.o)
                0x00000000080002ac                __udivmoddi4
 .text          0x000000000800054c       0x14 /home/parallels/zephyr-sdk-0.16.3/arm-zephyr-eabi/bin/../lib/gcc/../../picolibc/arm-zephyr-eabi/lib/thumb/v7e-m/nofp/libc.a(strcmp.S.o)
                0x000000000800054c                strcmp
 .text          0x0000000008000560       0x10 /home/parallels/zephyr-sdk-0.16.3/arm-zephyr-eabi/bin/../lib/gcc/../../picolibc/arm-zephyr-eabi/lib/thumb/v7e-m/nofp/libc.a(strcpy.S.o)
                0x0000000008000560                strcpy
 .text          0x0000000008000570       0x10 /home/parallels/zephyr-sdk-0.16.3/arm-zephyr-eabi/bin/../lib/gcc/../../picolibc/arm-zephyr-eabi/lib/thumb/v7e-m/nofp/libc.a(strlen.S.o)
                0x0000000008000570                strlen
 *(SORT_BY_ALIGNMENT(.text.*))
 .text.cmd_kernel_uptime
                0x0000000008000580       0xe8 zephyr/libzephyr.a(kernel_service.c.obj)
 .text.button_pressed
                0x0000000008000668       0x98 app/libapp.a(main.c.obj)
                0x0000000008000668                button_pressed
 .text.blink_work_handler
                0x0000000008000700       0x34 app/libapp.a(main.c.obj)
                0x0000000008000700                blink_work_handler
 .text.main     0x0000000008000734       0xc0 app/libapp.a(main.c.obj)
                0x0000000008000734                main
 .text.getopt   0x00000000080007f4       0xf8 zephyr/libzephyr.a(getopt.c.obj)
                0x00000000080007f4                getopt
 .text.z_getopt_global_state_update
                0x00000000080008ec       0x34 zephyr/libzephyr.a(getopt_common.c.obj)
                0x00000000080008ec                z_getopt_global_state_update
 .text.getopt_state_get
                0x0000000008000920        0x8 zephyr/libzephyr.a(getopt_common.c.obj)
                0x0000000008000920                getopt_state_get
 .text.char_out
                0x0000000008000928        0xc zephyr/libzephyr.a(printk.c.obj)
 .text.__printk_hook_install
                0x0000000008000934        0xc zephyr/libzephyr.a(printk.c.obj)
                0x0000000008000934                __printk_hook_install
 .text.vprintk  0x0000000008000940       0x30 zephyr/libzephyr.a(printk.c.obj)
                0x0000000008000940                vprintk
 .text.z_thread_entry
                0x0000000008000970       0x34 zephyr/libzephyr.a(thread_entry.c.obj)
                0x0000000008000970                z_thread_entry
 .text.stm32g4_init
                0x00000000080009a4       0x4c zephyr/libzephyr.a(soc.c.obj)
 .text.st_stm32_common_config
                0x00000000080009f0       0x14 zephyr/libzephyr.a(soc_config.c.obj)
 .text.mem_attr_get_regions
                0x0000000008000a04        0xc zephyr/libzephyr.a(mem_attr.c.obj)
                0x0000000008000a04                mem_attr_get_regions
 .text.cmd_kernel_version
                0x0000000008000a10       0x2c zephyr/libzephyr.a(kernel_service.c.obj)
 .text.cmd_kernel_threads
                0x0000000008000a3c       0x38 zephyr/libzephyr.a(kernel_service.c.obj)
 .text.shell_tdata_dump
                0x0000000008000a74       0xd0 zephyr/libzephyr.a(kernel_service.c.obj)
 .text.cmd_kernel_stacks
                0x0000000008000b44       0x74 zephyr/libzephyr.a(kernel_service.c.obj)
 .text.cmd_kernel_cycles
                0x0000000008000bb8       0x1c zephyr/libzephyr.a(kernel_service.c.obj)
 .text.cmd_kernel_sleep
                0x0000000008000bd4       0x40 zephyr/libzephyr.a(kernel_service.c.obj)
 .text.shell_stack_dump
                0x0000000008000c14       0x64 zephyr/libzephyr.a(kernel_service.c.obj)
 .text.cmd_device_list
                0x0000000008000c78       0x8c zephyr/libzephyr.a(device_service.c.obj)
 .text.cmd_devmem
                0x0000000008000d04       0xcc zephyr/libzephyr.a(devmem_service.c.obj)
 .text.cmd_dump
                0x0000000008000dd0      0x190 zephyr/libzephyr.a(devmem_service.c.obj)
 .text.set_bypass.isra.0
                0x0000000008000f60       0x50 zephyr/libzephyr.a(devmem_service.c.obj)
 .text.bypass_cb
                0x0000000008000fb0      0x118 zephyr/libzephyr.a(devmem_service.c.obj)
 .text.cmd_load
                0x00000000080010c8       0xd8 zephyr/libzephyr.a(devmem_service.c.obj)
 .text.enable_shell_uart
                0x00000000080011a0       0x34 zephyr/libzephyr.a(shell_uart.c.obj)
 .text.init     0x00000000080011d4       0x64 zephyr/libzephyr.a(shell_uart.c.obj)
 .text.shell_internal_help_print
                0x0000000008001238       0x20 zephyr/libzephyr.a(shell.c.obj)
 .text.kill_handler
                0x0000000008001258       0x50 zephyr/libzephyr.a(shell.c.obj)
 .text.z_cursor_next_line_move.isra.0
                0x00000000080012a8        0xc zephyr/libzephyr.a(shell.c.obj)
 .text.history_handle
                0x00000000080012b4       0xa8 zephyr/libzephyr.a(shell.c.obj)
 .text.execute  0x000000000800135c      0x2c0 zephyr/libzephyr.a(shell.c.obj)
 .text.state_set.constprop.0
                0x000000000800161c       0x4c zephyr/libzephyr.a(shell.c.obj)
 .text.shell_process
                0x0000000008001668      0x6c8 zephyr/libzephyr.a(shell.c.obj)
                0x0000000008001668                shell_process
 .text.shell_init
                0x0000000008001d30       0xf8 zephyr/libzephyr.a(shell.c.obj)
                0x0000000008001d30                shell_init
 .text.shell_start
                0x0000000008001e28       0x54 zephyr/libzephyr.a(shell.c.obj)
                0x0000000008001e28                shell_start
 .text.shell_thread
                0x0000000008001e7c       0xa0 zephyr/libzephyr.a(shell.c.obj)
                0x0000000008001e7c                shell_thread
 .text.cmd_help
                0x0000000008001f1c       0x4c zephyr/libzephyr.a(shell.c.obj)
 .text.shell_hexdump_line
                0x0000000008001f68       0xe8 zephyr/libzephyr.a(shell.c.obj)
                0x0000000008001f68                shell_hexdump_line
 .text.z_shell_fprintf_fmt
                0x0000000008002050       0x28 zephyr/libzephyr.a(shell_fprintf.c.obj)
                0x0000000008002050                z_shell_fprintf_fmt
 .text.z_shell_make_argv
                0x0000000008002078      0x1b8 zephyr/libzephyr.a(shell_utils.c.obj)
                0x0000000008002078                z_shell_make_argv
 .text.z_shell_cmd_get
                0x0000000008002230       0x74 zephyr/libzephyr.a(shell_utils.c.obj)
                0x0000000008002230                z_shell_cmd_get
 .text.z_shell_spaces_trim
                0x00000000080022a4       0x6c zephyr/libzephyr.a(shell_utils.c.obj)
                0x00000000080022a4                z_shell_spaces_trim
 .text.z_shell_cmd_trim
                0x0000000008002310       0x70 zephyr/libzephyr.a(shell_utils.c.obj)
                0x0000000008002310                z_shell_cmd_trim
 .text.shell_strtoul
                0x0000000008002380       0x54 zephyr/libzephyr.a(shell_utils.c.obj)
                0x0000000008002380                shell_strtoul
 .text.z_clear_eos
                0x00000000080023d4       0x18 zephyr/libzephyr.a(shell_ops.c.obj)
 .text.z_cursor_next_line_move.isra.0
                0x00000000080023ec        0xc zephyr/libzephyr.a(shell_ops.c.obj)
 .text.z_shell_op_cursor_vert_move
                0x00000000080023f8       0x2c zephyr/libzephyr.a(shell_ops.c.obj)
                0x00000000080023f8                z_shell_op_cursor_vert_move
 .text.z_shell_op_cursor_horiz_move
                0x0000000008002424       0x2c zephyr/libzephyr.a(shell_ops.c.obj)
                0x0000000008002424                z_shell_op_cursor_horiz_move
 .text.z_shell_op_cursor_word_move
                0x0000000008002450       0x78 zephyr/libzephyr.a(shell_ops.c.obj)
                0x0000000008002450                z_shell_op_cursor_word_move
 .text.z_shell_print_cmd
                0x00000000080024c8       0x78 zephyr/libzephyr.a(shell_ops.c.obj)
                0x00000000080024c8                z_shell_print_cmd
 .text.z_shell_vt100_color_set
                0x0000000008002540       0x40 zephyr/libzephyr.a(shell_ops.c.obj)
                0x0000000008002540                z_shell_vt100_color_set
 .text.z_shell_vt100_colors_restore
                0x0000000008002580       0x3c zephyr/libzephyr.a(shell_ops.c.obj)
                0x0000000008002580                z_shell_vt100_colors_restore
 .text.z_shell_op_word_remove
                0x00000000080025bc       0xc0 zephyr/libzephyr.a(shell_ops.c.obj)
                0x00000000080025bc                z_shell_op_word_remove
 .text.reprint_from_cursor
                0x000000000800267c       0x74 zephyr/libzephyr.a(shell_ops.c.obj)
 .text.z_shell_op_char_insert
                0x00000000080026f0       0x6c zephyr/libzephyr.a(shell_ops.c.obj)
                0x00000000080026f0                z_shell_op_char_insert
 .text.z_shell_print_prompt_and_cmd
                0x000000000800275c       0x30 zephyr/libzephyr.a(shell_ops.c.obj)
                0x000000000800275c                z_shell_print_prompt_and_cmd
 .text.z_cursor_next_line_move.isra.0
                0x000000000800278c        0xc zephyr/libzephyr.a(shell_help.c.obj)
 .text.formatted_text_print.constprop.0
                0x0000000008002798       0xe4 zephyr/libzephyr.a(shell_help.c.obj)
 .text.z_shell_help_subcmd_print
                0x000000000800287c       0xb4 zephyr/libzephyr.a(shell_help.c.obj)
                0x000000000800287c                z_shell_help_subcmd_print
 .text.z_shell_help_cmd_print
                0x0000000008002930       0x40 zephyr/libzephyr.a(shell_help.c.obj)
                0x0000000008002930                z_shell_help_cmd_print
 .text.z_shell_help_request
                0x0000000008002970       0x28 zephyr/libzephyr.a(shell_help.c.obj)
                0x0000000008002970                z_shell_help_request
 .text.cmd_resize_default
                0x0000000008002998       0x2c zephyr/libzephyr.a(shell_cmds.c.obj)
 .text.cmd_shell_stats_show
                0x00000000080029c4       0x18 zephyr/libzephyr.a(shell_cmds.c.obj)
 .text.cmd_backends
                0x00000000080029dc       0x54 zephyr/libzephyr.a(shell_cmds.c.obj)
 .text.cmd_prompt_off
                0x0000000008002a30       0x10 zephyr/libzephyr.a(shell_cmds.c.obj)
 .text.cmd_history
                0x0000000008002a40       0x44 zephyr/libzephyr.a(shell_cmds.c.obj)
 .text.cmd_get_retval
                0x0000000008002a84       0x1c zephyr/libzephyr.a(shell_cmds.c.obj)
 .text.cmd_echo
                0x0000000008002aa0       0x58 zephyr/libzephyr.a(shell_cmds.c.obj)
 .text.cmd_clear
                0x0000000008002af8       0x34 zephyr/libzephyr.a(shell_cmds.c.obj)
 .text.cmd_resize
                0x0000000008002b2c      0x1a8 zephyr/libzephyr.a(shell_cmds.c.obj)
 .text.z_shell_wildcard_process
                0x0000000008002cd4       0xe4 zephyr/libzephyr.a(shell_wildcard.c.obj)
                0x0000000008002cd4                z_shell_wildcard_process
 .text.z_SysNmiOnReset
                0x0000000008002db8        0x8 zephyr/arch/arch/arm/core/libarch__arm__core.a(nmi_on_reset.S.obj)
                0x0000000008002db8                z_SysNmiOnReset
 .text.arch_tls_stack_setup
                0x0000000008002dc0       0x60 zephyr/arch/arch/arm/core/libarch__arm__core.a(tls.c.obj)
                0x0000000008002dc0                arch_tls_stack_setup
 .text._HandlerModeExit
                0x0000000008002e20       0x1c zephyr/arch/arch/arm/core/cortex_m/libarch__arm__core__cortex_m.a(exc_exit.S.obj)
                0x0000000008002e20                z_arm_exc_exit
                0x0000000008002e20                z_arm_int_exit
 .text.mem_manage_fault
                0x0000000008002e3c       0xa0 zephyr/arch/arch/arm/core/cortex_m/libarch__arm__core__cortex_m.a(fault.c.obj)
 .text.usage_fault.constprop.0
                0x0000000008002edc       0x54 zephyr/arch/arch/arm/core/cortex_m/libarch__arm__core__cortex_m.a(fault.c.obj)
 .text.bus_fault.constprop.0
                0x0000000008002f30       0x6c zephyr/arch/arch/arm/core/cortex_m/libarch__arm__core__cortex_m.a(fault.c.obj)
 .text.z_arm_fault
                0x0000000008002f9c      0x128 zephyr/arch/arch/arm/core/cortex_m/libarch__arm__core__cortex_m.a(fault.c.obj)
                0x0000000008002f9c                z_arm_fault
 .text.z_arm_fault_init
                0x00000000080030c4       0x10 zephyr/arch/arch/arm/core/cortex_m/libarch__arm__core__cortex_m.a(fault.c.obj)
                0x00000000080030c4                z_arm_fault_init
 .text.__fault  0x00000000080030d4       0x14 zephyr/arch/arch/arm/core/cortex_m/libarch__arm__core__cortex_m.a(fault_s.S.obj)
                0x00000000080030d4                z_arm_bus_fault
                0x00000000080030d4                z_arm_usage_fault
                0x00000000080030d4                z_arm_mpu_fault
                0x00000000080030d4                z_arm_exc_spurious
                0x00000000080030d4                z_arm_debug_monitor
                0x00000000080030d4                z_arm_hard_fault
 .text._reset_section
                0x00000000080030e8       0x38 zephyr/arch/arch/arm/core/cortex_m/libarch__arm__core__cortex_m.a(reset.S.obj)
                0x00000000080030e8                z_arm_reset
                0x00000000080030e8                __start
 .text.z_impl_k_thread_abort
                0x0000000008003120       0x2c zephyr/arch/arch/arm/core/cortex_m/libarch__arm__core__cortex_m.a(thread_abort.c.obj)
                0x0000000008003120                z_impl_k_thread_abort
 .text.arch_swap
                0x000000000800314c       0x34 zephyr/arch/arch/arm/core/cortex_m/libarch__arm__core__cortex_m.a(swap.c.obj)
                0x000000000800314c                arch_swap
 .text.z_arm_pendsv
                0x0000000008003180       0x68 zephyr/arch/arch/arm/core/cortex_m/libarch__arm__core__cortex_m.a(swap_helper.S.obj)
                0x0000000008003180                z_arm_pendsv
 .text.z_arm_svc
                0x00000000080031e8       0x20 zephyr/arch/arch/arm/core/cortex_m/libarch__arm__core__cortex_m.a(swap_helper.S.obj)
                0x00000000080031e8                z_arm_svc
 .text.arch_irq_enable
                0x0000000008003208       0x1c zephyr/arch/arch/arm/core/cortex_m/libarch__arm__core__cortex_m.a(irq_manage.c.obj)
                0x0000000008003208                arch_irq_enable
 .text.z_arm_irq_priority_set
                0x0000000008003224       0x30 zephyr/arch/arch/arm/core/cortex_m/libarch__arm__core__cortex_m.a(irq_manage.c.obj)
                0x0000000008003224                z_arm_irq_priority_set
 .text.z_arm_prep_c
                0x0000000008003254       0x48 zephyr/arch/arch/arm/core/cortex_m/libarch__arm__core__cortex_m.a(prep_c.c.obj)
                0x0000000008003254                z_arm_prep_c
 .text.arch_new_thread
                0x000000000800329c       0x38 zephyr/arch/arch/arm/core/cortex_m/libarch__arm__core__cortex_m.a(thread.c.obj)
                0x000000000800329c                arch_new_thread
 .text.z_check_thread_stack_fail
                0x00000000080032d4       0x30 zephyr/arch/arch/arm/core/cortex_m/libarch__arm__core__cortex_m.a(thread.c.obj)
                0x00000000080032d4                z_check_thread_stack_fail
 .text.arch_switch_to_main_thread
                0x0000000008003304       0x38 zephyr/arch/arch/arm/core/cortex_m/libarch__arm__core__cortex_m.a(thread.c.obj)
                0x0000000008003304                arch_switch_to_main_thread
 .text.z_arm_cpu_idle_init
                0x000000000800333c        0xc zephyr/arch/arch/arm/core/cortex_m/libarch__arm__core__cortex_m.a(cpu_idle.S.obj)
                0x000000000800333c                z_arm_cpu_idle_init
 .text.arch_cpu_idle
                0x0000000008003348       0x1c zephyr/arch/arch/arm/core/cortex_m/libarch__arm__core__cortex_m.a(cpu_idle.S.obj)
                0x0000000008003348                arch_cpu_idle
 .text.z_arm_interrupt_init
                0x0000000008003364       0x18 zephyr/arch/arch/arm/core/cortex_m/libarch__arm__core__cortex_m.a(irq_init.c.obj)
                0x0000000008003364                z_arm_interrupt_init
 .text._isr_wrapper
                0x000000000800337c       0x28 zephyr/arch/arch/arm/core/cortex_m/libarch__arm__core__cortex_m.a(isr_wrapper.S.obj)
                0x000000000800337c                _isr_wrapper
 .text.z_arm_configure_static_mpu_regions
                0x00000000080033a4       0x18 zephyr/arch/arch/arm/core/mpu/libarch__arm__core__mpu.a(arm_core_mpu.c.obj)
                0x00000000080033a4                z_arm_configure_static_mpu_regions
 .text.z_arm_configure_dynamic_mpu_regions
                0x00000000080033bc       0x24 zephyr/arch/arch/arm/core/mpu/libarch__arm__core__mpu.a(arm_core_mpu.c.obj)
                0x00000000080033bc                z_arm_configure_dynamic_mpu_regions
 .text.region_init
                0x00000000080033e0       0x28 zephyr/arch/arch/arm/core/mpu/libarch__arm__core__mpu.a(arm_mpu.c.obj)
 .text.arm_core_mpu_enable
                0x0000000008003408       0x18 zephyr/arch/arch/arm/core/mpu/libarch__arm__core__mpu.a(arm_mpu.c.obj)
                0x0000000008003408                arm_core_mpu_enable
 .text.arm_core_mpu_disable
                0x0000000008003420       0x14 zephyr/arch/arch/arm/core/mpu/libarch__arm__core__mpu.a(arm_mpu.c.obj)
                0x0000000008003420                arm_core_mpu_disable
 .text.arm_core_mpu_configure_static_mpu_regions
                0x0000000008003434       0x14 zephyr/arch/arch/arm/core/mpu/libarch__arm__core__mpu.a(arm_mpu.c.obj)
                0x0000000008003434                arm_core_mpu_configure_static_mpu_regions
 .text.arm_core_mpu_configure_dynamic_mpu_regions
                0x0000000008003448       0x30 zephyr/arch/arch/arm/core/mpu/libarch__arm__core__mpu.a(arm_mpu.c.obj)
                0x0000000008003448                arm_core_mpu_configure_dynamic_mpu_regions
 .text.z_arm_mpu_init
                0x0000000008003478      0x124 zephyr/arch/arch/arm/core/mpu/libarch__arm__core__mpu.a(arm_mpu.c.obj)
                0x0000000008003478                z_arm_mpu_init
 .text.z_impl_zephyr_fputc
                0x000000000800359c       0x10 zephyr/lib/libc/picolibc/liblib__libc__picolibc.a(libc-hooks.c.obj)
                0x000000000800359c                z_impl_zephyr_fputc
 .text.__stdout_hook_install
                0x00000000080035ac       0x18 zephyr/lib/libc/picolibc/liblib__libc__picolibc.a(libc-hooks.c.obj)
                0x00000000080035ac                __stdout_hook_install
 .text.cbvprintf
                0x00000000080035c4       0x38 zephyr/lib/libc/picolibc/liblib__libc__picolibc.a(libc-hooks.c.obj)
                0x00000000080035c4                cbvprintf
 .text.malloc_prepare
                0x00000000080035fc       0x24 zephyr/lib/libc/common/liblib__libc__common.a(malloc.c.obj)
 .text.foldcase
                0x0000000008003620       0x18 zephyr/lib/posix/liblib__posix.a(fnmatch.c.obj)
 .text.stm32_exti_isr
                0x0000000008003638       0x4c zephyr/drivers/interrupt_controller/libdrivers__interrupt_controller.a(intc_exti_stm32.c.obj)
 .text.stm32_fill_irq_table
                0x0000000008003684       0x18 zephyr/drivers/interrupt_controller/libdrivers__interrupt_controller.a(intc_exti_stm32.c.obj)
 .text.stm32_exti_enable
                0x000000000800369c       0x24 zephyr/drivers/interrupt_controller/libdrivers__interrupt_controller.a(intc_exti_stm32.c.obj)
                0x000000000800369c                stm32_exti_enable
 .text.stm32_exti_disable
                0x00000000080036c0       0x18 zephyr/drivers/interrupt_controller/libdrivers__interrupt_controller.a(intc_exti_stm32.c.obj)
                0x00000000080036c0                stm32_exti_disable
 .text.stm32_exti_trigger
                0x00000000080036d8       0x60 zephyr/drivers/interrupt_controller/libdrivers__interrupt_controller.a(intc_exti_stm32.c.obj)
                0x00000000080036d8                stm32_exti_trigger
 .text.stm32_exti_set_callback
                0x0000000008003738       0x30 zephyr/drivers/interrupt_controller/libdrivers__interrupt_controller.a(intc_exti_stm32.c.obj)
                0x0000000008003738                stm32_exti_set_callback
 .text.stm32_exti_unset_callback
                0x0000000008003768       0x14 zephyr/drivers/interrupt_controller/libdrivers__interrupt_controller.a(intc_exti_stm32.c.obj)
                0x0000000008003768                stm32_exti_unset_callback
 .text.stm32_clock_control_get_subsys_rate
                0x000000000800377c       0x9c zephyr/drivers/clock_control/libdrivers__clock_control.a(clock_stm32_ll_common.c.obj)
 .text.stm32_clock_control_init
                0x0000000008003818      0x170 zephyr/drivers/clock_control/libdrivers__clock_control.a(clock_stm32_ll_common.c.obj)
                0x0000000008003818                stm32_clock_control_init
 .text.get_pllsrc_frequency
                0x0000000008003988        0x8 zephyr/drivers/clock_control/libdrivers__clock_control.a(clock_stm32g4.c.obj)
                0x0000000008003988                get_pllsrc_frequency
 .text.config_pll_sysclock
                0x0000000008003990       0x34 zephyr/drivers/clock_control/libdrivers__clock_control.a(clock_stm32g4.c.obj)
                0x0000000008003990                config_pll_sysclock
 .text.config_enable_default_clocks
                0x00000000080039c4       0x20 zephyr/drivers/clock_control/libdrivers__clock_control.a(clock_stm32g4.c.obj)
                0x00000000080039c4                config_enable_default_clocks
 .text.uart_console_init
                0x00000000080039e4       0x28 zephyr/drivers/console/libdrivers__console.a(uart_console.c.obj)
 .text.console_out
                0x0000000008003a0c       0x28 zephyr/drivers/console/libdrivers__console.a(uart_console.c.obj)
 .text.gpio_stm32_init
                0x0000000008003a34       0x30 zephyr/drivers/gpio/libdrivers__gpio.a(gpio_stm32.c.obj)
 .text.gpio_stm32_pin_interrupt_configure
                0x0000000008003a64      0x110 zephyr/drivers/gpio/libdrivers__gpio.a(gpio_stm32.c.obj)
 .text.pinctrl_configure_pins
                0x0000000008003b74       0x84 zephyr/drivers/pinctrl/libdrivers__pinctrl.a(pinctrl_stm32.c.obj)
                0x0000000008003b74                pinctrl_configure_pins
 .text.uart_stm32_cfg2ll_stopbits
                0x0000000008003bf8       0x38 zephyr/drivers/serial/libdrivers__serial.a(uart_stm32.c.obj)
 .text.uart_stm32_irq_err_enable
                0x0000000008003c30       0x5c zephyr/drivers/serial/libdrivers__serial.a(uart_stm32.c.obj)
 .text.uart_stm32_irq_err_disable
                0x0000000008003c8c       0x5c zephyr/drivers/serial/libdrivers__serial.a(uart_stm32.c.obj)
 .text.lpuartdiv_calc
                0x0000000008003ce8       0x30 zephyr/drivers/serial/libdrivers__serial.a(uart_stm32.c.obj)
                0x0000000008003ce8                lpuartdiv_calc
 .text.uart_stm32_set_baudrate
                0x0000000008003d18       0xbc zephyr/drivers/serial/libdrivers__serial.a(uart_stm32.c.obj)
 .text.uart_stm32_configure
                0x0000000008003dd4      0x100 zephyr/drivers/serial/libdrivers__serial.a(uart_stm32.c.obj)
 .text.uart_stm32_init
                0x0000000008003ed4      0x158 zephyr/drivers/serial/libdrivers__serial.a(uart_stm32.c.obj)
 .text.elapsed  0x000000000800402c       0x4c zephyr/drivers/timer/libdrivers__timer.a(cortex_m_systick.c.obj)
 .text.sys_clock_driver_init
                0x0000000008004078       0x38 zephyr/drivers/timer/libdrivers__timer.a(cortex_m_systick.c.obj)
 .text.sys_clock_isr
                0x00000000080040b0       0x54 zephyr/drivers/timer/libdrivers__timer.a(cortex_m_systick.c.obj)
                0x00000000080040b0                sys_clock_isr
 .text.sys_clock_set_timeout
                0x0000000008004104       0xfc zephyr/drivers/timer/libdrivers__timer.a(cortex_m_systick.c.obj)
                0x0000000008004104                sys_clock_set_timeout
 .text.sys_clock_elapsed
                0x0000000008004200       0x3c zephyr/drivers/timer/libdrivers__timer.a(cortex_m_systick.c.obj)
                0x0000000008004200                sys_clock_elapsed
 .text.sys_clock_cycle_get_32
                0x000000000800423c       0x2c zephyr/drivers/timer/libdrivers__timer.a(cortex_m_systick.c.obj)
                0x000000000800423c                sys_clock_cycle_get_32
 .text.HAL_RCC_GetSysClockFreq
                0x0000000008004268       0x6c modules/stm32/stm32cube/lib..__modules__hal__stm32__stm32cube.a(stm32g4xx_hal_rcc.c.obj)
                0x0000000008004268                HAL_RCC_GetSysClockFreq
 .text.LL_SetFlashLatency
                0x00000000080042d4       0xcc modules/stm32/stm32cube/lib..__modules__hal__stm32__stm32cube.a(stm32g4xx_ll_utils.c.obj)
                0x00000000080042d4                LL_SetFlashLatency
 .text.z_impl_k_busy_wait
                0x00000000080043a0       0x30 zephyr/kernel/libkernel.a(busy_wait.c.obj)
                0x00000000080043a0                z_impl_k_busy_wait
 .text.z_device_get_all_static
                0x00000000080043d0       0x18 zephyr/kernel/libkernel.a(device.c.obj)
                0x00000000080043d0                z_device_get_all_static
 .text.z_fatal_error
                0x00000000080043e8       0x30 zephyr/kernel/libkernel.a(fatal.c.obj)
                0x00000000080043e8                z_fatal_error
 .text.z_sys_init_run_level
                0x0000000008004418       0x48 zephyr/kernel/libkernel.a(init.c.obj)
 .text.bg_thread_main
                0x0000000008004460       0x34 zephyr/kernel/libkernel.a(init.c.obj)
 .text.z_bss_zero
                0x0000000008004494       0x18 zephyr/kernel/libkernel.a(init.c.obj)
                0x0000000008004494                z_bss_zero
 .text.z_init_cpu
                0x00000000080044ac       0x94 zephyr/kernel/libkernel.a(init.c.obj)
                0x00000000080044ac                z_init_cpu
 .text.z_cstart
                0x0000000008004540       0xdc zephyr/kernel/libkernel.a(init.c.obj)
                0x0000000008004540                z_cstart
 .text.k_thread_foreach
                0x000000000800461c       0x34 zephyr/kernel/libkernel.a(thread.c.obj)
                0x000000000800461c                k_thread_foreach
 .text.z_thread_monitor_exit
                0x0000000008004650       0x3c zephyr/kernel/libkernel.a(thread.c.obj)
                0x0000000008004650                z_thread_monitor_exit
 .text.z_impl_k_thread_name_set
                0x000000000800468c       0x20 zephyr/kernel/libkernel.a(thread.c.obj)
                0x000000000800468c                z_impl_k_thread_name_set
 .text.k_thread_state_str
                0x00000000080046ac       0x90 zephyr/kernel/libkernel.a(thread.c.obj)
                0x00000000080046ac                k_thread_state_str
 .text.z_setup_new_thread
                0x000000000800473c       0xe0 zephyr/kernel/libkernel.a(thread.c.obj)
                0x000000000800473c                z_setup_new_thread
 .text.z_impl_k_thread_create
                0x000000000800481c       0x58 zephyr/kernel/libkernel.a(thread.c.obj)
                0x000000000800481c                z_impl_k_thread_create
 .text.z_init_static_threads
                0x0000000008004874       0x98 zephyr/kernel/libkernel.a(thread.c.obj)
                0x0000000008004874                z_init_static_threads
 .text.sys_kernel_version_get
                0x000000000800490c        0x8 zephyr/kernel/libkernel.a(version.c.obj)
                0x000000000800490c                sys_kernel_version_get
 .text.z_impl_k_mutex_lock
                0x0000000008004914       0xf4 zephyr/kernel/libkernel.a(mutex.c.obj)
                0x0000000008004914                z_impl_k_mutex_lock
 .text.z_impl_k_mutex_unlock
                0x0000000008004a08       0x7c zephyr/kernel/libkernel.a(mutex.c.obj)
                0x0000000008004a08                z_impl_k_mutex_unlock
 .text.z_impl_k_sem_give
                0x0000000008004a84       0x4c zephyr/kernel/libkernel.a(sem.c.obj)
                0x0000000008004a84                z_impl_k_sem_give
 .text.work_queue_main
                0x0000000008004ad0      0x138 zephyr/kernel/libkernel.a(work.c.obj)
 .text.submit_to_queue_locked
                0x0000000008004c08       0xb4 zephyr/kernel/libkernel.a(work.c.obj)
 .text.k_work_submit
                0x0000000008004cbc        0xc zephyr/kernel/libkernel.a(work.c.obj)
                0x0000000008004cbc                k_work_submit
 .text.k_work_queue_start
                0x0000000008004cc8       0x70 zephyr/kernel/libkernel.a(work.c.obj)
                0x0000000008004cc8                k_work_queue_start
 .text.sliceable
                0x0000000008004d38       0x3c zephyr/kernel/libkernel.a(sched.c.obj)
 .text.slice_timeout
                0x0000000008004d74       0x20 zephyr/kernel/libkernel.a(sched.c.obj)
 .text.z_reset_time_slice
                0x0000000008004d94       0x50 zephyr/kernel/libkernel.a(sched.c.obj)
                0x0000000008004d94                z_reset_time_slice
 .text.update_cache
                0x0000000008004de4       0x3c zephyr/kernel/libkernel.a(sched.c.obj)
 .text.move_thread_to_end_of_prio_q
                0x0000000008004e20       0x74 zephyr/kernel/libkernel.a(sched.c.obj)
 .text.ready_thread
                0x0000000008004e94       0x68 zephyr/kernel/libkernel.a(sched.c.obj)
 .text.unready_thread
                0x0000000008004efc       0x30 zephyr/kernel/libkernel.a(sched.c.obj)
 .text.pend_locked
                0x0000000008004f2c       0x30 zephyr/kernel/libkernel.a(sched.c.obj)
 .text.z_thread_halt
                0x0000000008004f5c       0xac zephyr/kernel/libkernel.a(sched.c.obj)
 .text.z_time_slice
                0x0000000008005008       0x60 zephyr/kernel/libkernel.a(sched.c.obj)
                0x0000000008005008                z_time_slice
 .text.z_pend_curr
                0x0000000008005068       0x3c zephyr/kernel/libkernel.a(sched.c.obj)
                0x0000000008005068                z_pend_curr
 .text.z_set_prio
                0x00000000080050a4       0x8c zephyr/kernel/libkernel.a(sched.c.obj)
                0x00000000080050a4                z_set_prio
 .text.z_reschedule
                0x0000000008005130       0x24 zephyr/kernel/libkernel.a(sched.c.obj)
                0x0000000008005130                z_reschedule
 .text.z_sched_start
                0x0000000008005154       0x3c zephyr/kernel/libkernel.a(sched.c.obj)
                0x0000000008005154                z_sched_start
 .text.k_sched_lock
                0x0000000008005190       0x28 zephyr/kernel/libkernel.a(sched.c.obj)
                0x0000000008005190                k_sched_lock
 .text.k_sched_unlock
                0x00000000080051b8       0x38 zephyr/kernel/libkernel.a(sched.c.obj)
                0x00000000080051b8                k_sched_unlock
 .text.z_sched_init
                0x00000000080051f0       0x10 zephyr/kernel/libkernel.a(sched.c.obj)
                0x00000000080051f0                z_sched_init
 .text.z_impl_k_yield
                0x0000000008005200       0x7c zephyr/kernel/libkernel.a(sched.c.obj)
                0x0000000008005200                z_impl_k_yield
 .text.z_tick_sleep
                0x000000000800527c       0x88 zephyr/kernel/libkernel.a(sched.c.obj)
 .text.z_impl_k_sleep
                0x0000000008005304       0x30 zephyr/kernel/libkernel.a(sched.c.obj)
                0x0000000008005304                z_impl_k_sleep
 .text.z_impl_k_sched_current_thread_query
                0x0000000008005334        0xc zephyr/kernel/libkernel.a(sched.c.obj)
                0x0000000008005334                z_impl_k_sched_current_thread_query
 .text.z_sched_wait
                0x0000000008005340       0x24 zephyr/kernel/libkernel.a(sched.c.obj)
                0x0000000008005340                z_sched_wait
 .text.z_data_copy
                0x0000000008005364       0x34 zephyr/kernel/libkernel.a(xip.c.obj)
                0x0000000008005364                z_data_copy
 .text.elapsed  0x0000000008005398       0x14 zephyr/kernel/libkernel.a(timeout.c.obj)
 .text.next_timeout
                0x00000000080053ac       0x40 zephyr/kernel/libkernel.a(timeout.c.obj)
 .text.remove_timeout
                0x00000000080053ec       0x38 zephyr/kernel/libkernel.a(timeout.c.obj)
 .text.z_add_timeout
                0x0000000008005424       0xec zephyr/kernel/libkernel.a(timeout.c.obj)
                0x0000000008005424                z_add_timeout
 .text.sys_clock_announce
                0x0000000008005510       0xd4 zephyr/kernel/libkernel.a(timeout.c.obj)
                0x0000000008005510                sys_clock_announce
 .text.sys_clock_tick_get
                0x00000000080055e4       0x34 zephyr/kernel/libkernel.a(timeout.c.obj)
                0x00000000080055e4                sys_clock_tick_get
 .text.z_impl_k_poll
                0x0000000008005618       0xb8 zephyr/kernel/libkernel.a(poll.c.obj)
                0x0000000008005618                z_impl_k_poll
 .text.z_impl_k_poll_signal_raise
                0x00000000080056d0       0x50 zephyr/kernel/libkernel.a(poll.c.obj)
                0x00000000080056d0                z_impl_k_poll_signal_raise
 .text.k_thread_system_pool_assign
                0x0000000008005720        0xc zephyr/kernel/libkernel.a(mempool.c.obj)
                0x0000000008005720                k_thread_system_pool_assign
 .text.boot_banner
                0x000000000800572c        0xc zephyr/kernel/libkernel.a(banner.c.obj)
                0x000000000800572c                boot_banner
 .text.statics_init
                0x0000000008005738       0x24 zephyr/kernel/libkernel.a(kheap.c.obj)
 .text.k_sys_work_q_init
                0x000000000800575c       0x34 zephyr/kernel/libkernel.a(system_work_q.c.obj)
 .text.snprintf
                0x0000000008005790       0x58 /home/parallels/zephyr-sdk-0.16.3/arm-zephyr-eabi/bin/../lib/gcc/../../picolibc/arm-zephyr-eabi/lib/thumb/v7e-m/nofp/libc.a(libc_tinystdio_snprintf.c.o)
                0x0000000008005790                snprintf
 .text.strtol   0x00000000080057e8       0xe0 /home/parallels/zephyr-sdk-0.16.3/arm-zephyr-eabi/bin/../lib/gcc/../../picolibc/arm-zephyr-eabi/lib/thumb/v7e-m/nofp/libc.a(libc_tinystdio_strtol.c.o)
                0x00000000080057e8                strtol
 .text.strtoul  0x00000000080058c8       0xc8 /home/parallels/zephyr-sdk-0.16.3/arm-zephyr-eabi/bin/../lib/gcc/../../picolibc/arm-zephyr-eabi/lib/thumb/v7e-m/nofp/libc.a(libc_tinystdio_strtoul.c.o)
                0x00000000080058c8                strtoul
 .text.skip_to_arg
                0x0000000008005990      0x138 /home/parallels/zephyr-sdk-0.16.3/arm-zephyr-eabi/bin/../lib/gcc/../../picolibc/arm-zephyr-eabi/lib/thumb/v7e-m/nofp/libc.a(libc_tinystdio_vfprintf.c.o)
 .text.vfprintf
                0x0000000008005ac8      0xbac /home/parallels/zephyr-sdk-0.16.3/arm-zephyr-eabi/bin/../lib/gcc/../../picolibc/arm-zephyr-eabi/lib/thumb/v7e-m/nofp/libc.a(libc_tinystdio_vfprintf.c.o)
                0x0000000008005ac8                __d_vfprintf
                0x0000000008005ac8                vfprintf
 .text.div10    0x0000000008006674       0x28 /home/parallels/zephyr-sdk-0.16.3/arm-zephyr-eabi/bin/../lib/gcc/../../picolibc/arm-zephyr-eabi/lib/thumb/v7e-m/nofp/libc.a(libc_tinystdio_dtoa_ryu.c.o)
 .text.__dtoa_engine
                0x000000000800669c      0x4a4 /home/parallels/zephyr-sdk-0.16.3/arm-zephyr-eabi/bin/../lib/gcc/../../picolibc/arm-zephyr-eabi/lib/thumb/v7e-m/nofp/libc.a(libc_tinystdio_dtoa_ryu.c.o)
                0x000000000800669c                __dtoa_engine
 .text.__pow5Factor
                0x0000000008006b40       0x30 /home/parallels/zephyr-sdk-0.16.3/arm-zephyr-eabi/bin/../lib/gcc/../../picolibc/arm-zephyr-eabi/lib/thumb/v7e-m/nofp/libc.a(libc_tinystdio_ryu_table.c.o)
                0x0000000008006b40                __pow5Factor
 .text.__double_computePow5
                0x0000000008006b70       0xe8 /home/parallels/zephyr-sdk-0.16.3/arm-zephyr-eabi/bin/../lib/gcc/../../picolibc/arm-zephyr-eabi/lib/thumb/v7e-m/nofp/libc.a(libc_tinystdio_ryu_table.c.o)
                0x0000000008006b70                __double_computePow5
 .text.__double_computeInvPow5
                0x0000000008006c58       0xf8 /home/parallels/zephyr-sdk-0.16.3/arm-zephyr-eabi/bin/../lib/gcc/../../picolibc/arm-zephyr-eabi/lib/thumb/v7e-m/nofp/libc.a(libc_tinystdio_ryu_table.c.o)
                0x0000000008006c58                __double_computeInvPow5
 .text.__log10Pow2
                0x0000000008006d50        0xc /home/parallels/zephyr-sdk-0.16.3/arm-zephyr-eabi/bin/../lib/gcc/../../picolibc/arm-zephyr-eabi/lib/thumb/v7e-m/nofp/libc.a(libc_tinystdio_ryu_log10.c.o)
                0x0000000008006d50                __log10Pow2
 .text.__log10Pow5
                0x0000000008006d5c        0xc /home/parallels/zephyr-sdk-0.16.3/arm-zephyr-eabi/bin/../lib/gcc/../../picolibc/arm-zephyr-eabi/lib/thumb/v7e-m/nofp/libc.a(libc_tinystdio_ryu_log10.c.o)
                0x0000000008006d5c                __log10Pow5
 .text.__pow5bits
                0x0000000008006d68       0x10 /home/parallels/zephyr-sdk-0.16.3/arm-zephyr-eabi/bin/../lib/gcc/../../picolibc/arm-zephyr-eabi/lib/thumb/v7e-m/nofp/libc.a(libc_tinystdio_ryu_pow5bits.c.o)
                0x0000000008006d68                __pow5bits
 .text._OffsetAbsSyms
                0x0000000008006d78        0x2 zephyr/CMakeFiles/offsets.dir/./arch/arm/core/offsets/offsets.c.obj
                0x0000000008006d78                _OffsetAbsSyms
 .text.gpio_pin_configure_dt
                0x0000000008006d7a       0x2a app/libapp.a(main.c.obj)
 .text.gpio_pin_set.isra.0
                0x0000000008006da4       0x20 app/libapp.a(main.c.obj)
 .text.arch_printk_char_out
                0x0000000008006dc4        0x4 zephyr/libzephyr.a(printk.c.obj)
                0x0000000008006dc4                arch_printk_char_out
 .text.printk   0x0000000008006dc8       0x1a zephyr/libzephyr.a(printk.c.obj)
                0x0000000008006dc8                printk
 .text.chunk_size
                0x0000000008006de2        0xa zephyr/libzephyr.a(heap.c.obj)
 .text.free_list_add
                0x0000000008006dec       0x4e zephyr/libzephyr.a(heap.c.obj)
 .text.sys_heap_init
                0x0000000008006e3a       0x7a zephyr/libzephyr.a(heap.c.obj)
                0x0000000008006e3a                sys_heap_init
 .text.ring_buf_put_claim
                0x0000000008006eb4       0x3e zephyr/libzephyr.a(ring_buffer.c.obj)
                0x0000000008006eb4                ring_buf_put_claim
 .text.ring_buf_put_finish
                0x0000000008006ef2       0x2a zephyr/libzephyr.a(ring_buffer.c.obj)
                0x0000000008006ef2                ring_buf_put_finish
 .text.ring_buf_put
                0x0000000008006f1c       0x3e zephyr/libzephyr.a(ring_buffer.c.obj)
                0x0000000008006f1c                ring_buf_put
 .text.ring_buf_get_claim
                0x0000000008006f5a       0x40 zephyr/libzephyr.a(ring_buffer.c.obj)
                0x0000000008006f5a                ring_buf_get_claim
 .text.ring_buf_get_finish
                0x0000000008006f9a       0x2a zephyr/libzephyr.a(ring_buffer.c.obj)
                0x0000000008006f9a                ring_buf_get_finish
 .text.ring_buf_get
                0x0000000008006fc4       0x40 zephyr/libzephyr.a(ring_buffer.c.obj)
                0x0000000008006fc4                ring_buf_get
 .text._ConfigAbsSyms
                0x0000000008007004        0x2 zephyr/libzephyr.a(configs.c.obj)
                0x0000000008007004                _ConfigAbsSyms
 .text.uart_irq_tx_disable
                0x0000000008007006        0xa zephyr/libzephyr.a(shell_uart.c.obj)
 .text.enable   0x0000000008007010       0x12 zephyr/libzephyr.a(shell_uart.c.obj)
 .text.read     0x0000000008007022       0x12 zephyr/libzephyr.a(shell_uart.c.obj)
 .text.uninit   0x0000000008007034       0x20 zephyr/libzephyr.a(shell_uart.c.obj)
 .text.write    0x0000000008007054       0x6c zephyr/libzephyr.a(shell_uart.c.obj)
 .text.uart_callback
                0x00000000080070c0       0xe2 zephyr/libzephyr.a(shell_uart.c.obj)
 .text.cmd_buffer_clear
                0x00000000080071a2       0x12 zephyr/libzephyr.a(shell.c.obj)
 .text.atomic_or
                0x00000000080071b4       0x1e zephyr/libzephyr.a(shell.c.obj)
 .text.atomic_and
                0x00000000080071d2       0x1e zephyr/libzephyr.a(shell.c.obj)
 .text.shell_signal_handle
                0x00000000080071f0       0x2c zephyr/libzephyr.a(shell.c.obj)
 .text.z_shell_strlen
                0x000000000800721c        0xc zephyr/libzephyr.a(shell.c.obj)
 .text.z_shell_raw_fprintf
                0x0000000008007228       0x1a zephyr/libzephyr.a(shell.c.obj)
 .text.k_mutex_lock.constprop.0.isra.0
                0x0000000008007242        0x4 zephyr/libzephyr.a(shell.c.obj)
 .text.transport_evt_handler
                0x0000000008007246       0x14 zephyr/libzephyr.a(shell.c.obj)
 .text.z_flag_cmd_ctx_set.isra.0
                0x000000000800725a       0x16 zephyr/libzephyr.a(shell.c.obj)
 .text.z_flag_history_exit_set.isra.0
                0x0000000008007270       0x14 zephyr/libzephyr.a(shell.c.obj)
 .text.z_flag_insert_mode_set.isra.0
                0x0000000008007284       0x1e zephyr/libzephyr.a(shell.c.obj)
 .text.k_mutex_unlock.isra.0
                0x00000000080072a2        0x4 zephyr/libzephyr.a(shell.c.obj)
 .text.shell_vfprintf
                0x00000000080072a6       0x8a zephyr/libzephyr.a(shell.c.obj)
                0x00000000080072a6                shell_vfprintf
 .text.shell_fprintf
                0x0000000008007330       0x1a zephyr/libzephyr.a(shell.c.obj)
                0x0000000008007330                shell_fprintf
 .text.shell_prompt_change
                0x000000000800734a       0x20 zephyr/libzephyr.a(shell.c.obj)
                0x000000000800734a                shell_prompt_change
 .text.shell_get_return_value
                0x000000000800736a       0x10 zephyr/libzephyr.a(shell.c.obj)
                0x000000000800736a                shell_get_return_value
 .text.shell_set_bypass
                0x000000000800737a        0xc zephyr/libzephyr.a(shell.c.obj)
                0x000000000800737a                shell_set_bypass
 .text.z_shell_fprintf_buffer_flush
                0x0000000008007386       0x18 zephyr/libzephyr.a(shell_fprintf.c.obj)
                0x0000000008007386                z_shell_fprintf_buffer_flush
 .text.out_func
                0x000000000800739e       0x3c zephyr/libzephyr.a(shell_fprintf.c.obj)
 .text.z_shell_strlen
                0x00000000080073da        0xc zephyr/libzephyr.a(shell_utils.c.obj)
 .text.z_column_span_with_buffer_offsets_get
                0x00000000080073e6       0x1e zephyr/libzephyr.a(shell_utils.c.obj)
                0x00000000080073e6                z_column_span_with_buffer_offsets_get
 .text.z_row_span_with_buffer_offsets_get
                0x0000000008007404       0x16 zephyr/libzephyr.a(shell_utils.c.obj)
                0x0000000008007404                z_row_span_with_buffer_offsets_get
 .text.z_shell_multiline_data_calc
                0x000000000800741a       0x2c zephyr/libzephyr.a(shell_utils.c.obj)
                0x000000000800741a                z_shell_multiline_data_calc
 .text.z_shell_pattern_remove
                0x0000000008007446       0x4e zephyr/libzephyr.a(shell_utils.c.obj)
                0x0000000008007446                z_shell_pattern_remove
 .text.z_shell_find_cmd
                0x0000000008007494       0x56 zephyr/libzephyr.a(shell_utils.c.obj)
                0x0000000008007494                z_shell_find_cmd
 .text.z_shell_get_last_command
                0x00000000080074ea       0x5c zephyr/libzephyr.a(shell_utils.c.obj)
                0x00000000080074ea                z_shell_get_last_command
 .text.z_shell_raw_fprintf
                0x0000000008007546       0x1a zephyr/libzephyr.a(shell_ops.c.obj)
 .text.full_line_cmd.isra.0
                0x0000000008007560       0x24 zephyr/libzephyr.a(shell_ops.c.obj)
 .text.z_shell_cursor_in_empty_line
                0x0000000008007584       0x2e zephyr/libzephyr.a(shell_ops.c.obj)
                0x0000000008007584                z_shell_cursor_in_empty_line
 .text.z_shell_op_cond_next_line
                0x00000000080075b2       0x1e zephyr/libzephyr.a(shell_ops.c.obj)
                0x00000000080075b2                z_shell_op_cond_next_line
 .text.z_shell_op_cursor_position_synchronize
                0x00000000080075d0       0x46 zephyr/libzephyr.a(shell_ops.c.obj)
                0x00000000080075d0                z_shell_op_cursor_position_synchronize
 .text.z_shell_op_cursor_move
                0x0000000008007616       0x48 zephyr/libzephyr.a(shell_ops.c.obj)
                0x0000000008007616                z_shell_op_cursor_move
 .text.z_shell_op_cursor_home_move
                0x000000000800765e        0xc zephyr/libzephyr.a(shell_ops.c.obj)
                0x000000000800765e                z_shell_op_cursor_home_move
 .text.z_shell_op_cursor_end_move
                0x000000000800766a        0xe zephyr/libzephyr.a(shell_ops.c.obj)
                0x000000000800766a                z_shell_op_cursor_end_move
 .text.z_shell_op_left_arrow
                0x0000000008007678       0x10 zephyr/libzephyr.a(shell_ops.c.obj)
                0x0000000008007678                z_shell_op_left_arrow
 .text.z_shell_op_right_arrow
                0x0000000008007688       0x12 zephyr/libzephyr.a(shell_ops.c.obj)
                0x0000000008007688                z_shell_op_right_arrow
 .text.z_shell_op_delete_from_cursor
                0x000000000800769a       0x16 zephyr/libzephyr.a(shell_ops.c.obj)
                0x000000000800769a                z_shell_op_delete_from_cursor
 .text.z_shell_cmd_line_erase
                0x00000000080076b0       0x34 zephyr/libzephyr.a(shell_ops.c.obj)
                0x00000000080076b0                z_shell_cmd_line_erase
 .text.z_shell_write
                0x00000000080076e4       0x88 zephyr/libzephyr.a(shell_ops.c.obj)
                0x00000000080076e4                z_shell_write
 .text.z_shell_print_stream
                0x000000000800776c        0x4 zephyr/libzephyr.a(shell_ops.c.obj)
                0x000000000800776c                z_shell_print_stream
 .text.z_shell_vfprintf
                0x0000000008007770       0x4a zephyr/libzephyr.a(shell_ops.c.obj)
                0x0000000008007770                z_shell_vfprintf
 .text.z_shell_fprintf
                0x00000000080077ba       0x1a zephyr/libzephyr.a(shell_ops.c.obj)
                0x00000000080077ba                z_shell_fprintf
 .text.data_insert
                0x00000000080077d4       0x66 zephyr/libzephyr.a(shell_ops.c.obj)
 .text.z_shell_op_completion_insert
                0x000000000800783a        0x4 zephyr/libzephyr.a(shell_ops.c.obj)
                0x000000000800783a                z_shell_op_completion_insert
 .text.z_shell_op_char_delete
                0x000000000800783e       0x36 zephyr/libzephyr.a(shell_ops.c.obj)
                0x000000000800783e                z_shell_op_char_delete
 .text.z_shell_op_char_backspace
                0x0000000008007874       0x22 zephyr/libzephyr.a(shell_ops.c.obj)
                0x0000000008007874                z_shell_op_char_backspace
 .text.z_shell_raw_fprintf
                0x0000000008007896       0x1a zephyr/libzephyr.a(shell_help.c.obj)
 .text.cmd_comment
                0x00000000080078b0        0x4 zephyr/libzephyr.a(shell_cmds.c.obj)
 .text.cmd_shell_stats_reset
                0x00000000080078b4        0x8 zephyr/libzephyr.a(shell_cmds.c.obj)
 .text.z_shell_raw_fprintf
                0x00000000080078bc       0x1a zephyr/libzephyr.a(shell_cmds.c.obj)
 .text.cmd_prompt_on
                0x00000000080078d6        0xc zephyr/libzephyr.a(shell_cmds.c.obj)
 .text.cmd_vt100_off
                0x00000000080078e2       0x22 zephyr/libzephyr.a(shell_cmds.c.obj)
 .text.cmd_bacskpace_mode_delete
                0x0000000008007904       0x22 zephyr/libzephyr.a(shell_cmds.c.obj)
 .text.cmd_colors_off
                0x0000000008007926       0x22 zephyr/libzephyr.a(shell_cmds.c.obj)
 .text.cmd_bacskpace_mode_backspace
                0x0000000008007948       0x22 zephyr/libzephyr.a(shell_cmds.c.obj)
 .text.cmd_echo_off
                0x000000000800796a       0x22 zephyr/libzephyr.a(shell_cmds.c.obj)
 .text.cmd_colors_on
                0x000000000800798c       0x22 zephyr/libzephyr.a(shell_cmds.c.obj)
 .text.cmd_vt100_on
                0x00000000080079ae       0x22 zephyr/libzephyr.a(shell_cmds.c.obj)
 .text.cmd_echo_on
                0x00000000080079d0       0x22 zephyr/libzephyr.a(shell_cmds.c.obj)
 .text.remove_from_tail.part.0
                0x00000000080079f2       0x24 zephyr/libzephyr.a(shell_history.c.obj)
 .text.z_shell_history_mode_exit
                0x0000000008007a16        0x6 zephyr/libzephyr.a(shell_history.c.obj)
                0x0000000008007a16                z_shell_history_mode_exit
 .text.z_shell_history_get
                0x0000000008007a1c       0x56 zephyr/libzephyr.a(shell_history.c.obj)
                0x0000000008007a1c                z_shell_history_get
 .text.z_shell_history_purge
                0x0000000008007a72       0x18 zephyr/libzephyr.a(shell_history.c.obj)
                0x0000000008007a72                z_shell_history_purge
 .text.z_shell_history_put
                0x0000000008007a8a       0xd0 zephyr/libzephyr.a(shell_history.c.obj)
                0x0000000008007a8a                z_shell_history_put
 .text.z_shell_history_init
                0x0000000008007b5a        0xc zephyr/libzephyr.a(shell_history.c.obj)
                0x0000000008007b5a                z_shell_history_init
 .text.z_shell_has_wildcard
                0x0000000008007b66       0x28 zephyr/libzephyr.a(shell_wildcard.c.obj)
                0x0000000008007b66                z_shell_has_wildcard
 .text.z_shell_wildcard_prepare
                0x0000000008007b8e       0x40 zephyr/libzephyr.a(shell_wildcard.c.obj)
                0x0000000008007b8e                z_shell_wildcard_prepare
 .text.z_shell_wildcard_finalize
                0x0000000008007bce       0x1e zephyr/libzephyr.a(shell_wildcard.c.obj)
                0x0000000008007bce                z_shell_wildcard_finalize
 .text.z_arm_fatal_error
                0x0000000008007bec        0x4 zephyr/arch/arch/arm/core/libarch__arm__core.a(fatal.c.obj)
                0x0000000008007bec                z_arm_fatal_error
 .text.z_do_kernel_oops
                0x0000000008007bf0        0x8 zephyr/arch/arch/arm/core/libarch__arm__core.a(fatal.c.obj)
                0x0000000008007bf0                z_do_kernel_oops
 .text.z_arm_nmi
                0x0000000008007bf8        0xe zephyr/arch/arch/arm/core/libarch__arm__core.a(nmi.c.obj)
                0x0000000008007bf8                z_arm_nmi
 .text.z_irq_spurious
                0x0000000008007c06        0x8 zephyr/arch/arch/arm/core/cortex_m/libarch__arm__core__cortex_m.a(irq_manage.c.obj)
                0x0000000008007c06                z_irq_spurious
 .text.size_to_mpu_rasr_size
                0x0000000008007c0e       0x20 zephyr/arch/arch/arm/core/mpu/libarch__arm__core__mpu.a(arm_mpu.c.obj)
 .text.mpu_configure_regions
                0x0000000008007c2e       0x5c zephyr/arch/arch/arm/core/mpu/libarch__arm__core__mpu.a(arm_mpu.c.obj)
 .text.cbputc   0x0000000008007c8a        0xc zephyr/lib/libc/picolibc/liblib__libc__picolibc.a(libc-hooks.c.obj)
 .text.picolibc_put
                0x0000000008007c96        0xa zephyr/lib/libc/picolibc/liblib__libc__picolibc.a(libc-hooks.c.obj)
 .text.fnmatchx
                0x0000000008007ca0      0x23c zephyr/lib/posix/liblib__posix.a(fnmatch.c.obj)
 .text.fnmatch  0x0000000008007edc        0x6 zephyr/lib/posix/liblib__posix.a(fnmatch.c.obj)
                0x0000000008007edc                fnmatch
 .text.stm32_exti_init
                0x0000000008007ee2       0x92 zephyr/drivers/interrupt_controller/libdrivers__interrupt_controller.a(intc_exti_stm32.c.obj)
 .text.stm32_clock_control_on
                0x0000000008007f74       0x24 zephyr/drivers/clock_control/libdrivers__clock_control.a(clock_stm32_ll_common.c.obj)
 .text.stm32_clock_control_off
                0x0000000008007f98       0x24 zephyr/drivers/clock_control/libdrivers__clock_control.a(clock_stm32_ll_common.c.obj)
 .text.stm32_clock_control_get_status
                0x0000000008007fbc       0x3a zephyr/drivers/clock_control/libdrivers__clock_control.a(clock_stm32_ll_common.c.obj)
 .text.stm32_clock_control_configure
                0x0000000008007ff6       0x5c zephyr/drivers/clock_control/libdrivers__clock_control.a(clock_stm32_ll_common.c.obj)
 .text.gpio_stm32_port_get_raw
                0x0000000008008052        0xc zephyr/drivers/gpio/libdrivers__gpio.a(gpio_stm32.c.obj)
 .text.gpio_stm32_port_set_masked_raw
                0x000000000800805e       0x12 zephyr/drivers/gpio/libdrivers__gpio.a(gpio_stm32.c.obj)
 .text.gpio_stm32_port_set_bits_raw
                0x0000000008008070        0xa zephyr/drivers/gpio/libdrivers__gpio.a(gpio_stm32.c.obj)
 .text.gpio_stm32_port_clear_bits_raw
                0x000000000800807a        0xa zephyr/drivers/gpio/libdrivers__gpio.a(gpio_stm32.c.obj)
 .text.gpio_stm32_port_toggle_bits
                0x0000000008008084        0xe zephyr/drivers/gpio/libdrivers__gpio.a(gpio_stm32.c.obj)
 .text.gpio_stm32_manage_callback
                0x0000000008008092       0x52 zephyr/drivers/gpio/libdrivers__gpio.a(gpio_stm32.c.obj)
 .text.gpio_stm32_configure_raw.isra.0
                0x00000000080080e4      0x106 zephyr/drivers/gpio/libdrivers__gpio.a(gpio_stm32.c.obj)
 .text.gpio_stm32_config
                0x00000000080081ea       0x72 zephyr/drivers/gpio/libdrivers__gpio.a(gpio_stm32.c.obj)
 .text.gpio_stm32_isr
                0x000000000800825c       0x2e zephyr/drivers/gpio/libdrivers__gpio.a(gpio_stm32.c.obj)
 .text.gpio_stm32_configure
                0x000000000800828a       0x2a zephyr/drivers/gpio/libdrivers__gpio.a(gpio_stm32.c.obj)
                0x000000000800828a                gpio_stm32_configure
 .text.pinctrl_lookup_state
                0x00000000080082b4       0x26 zephyr/drivers/pinctrl/libdrivers__pinctrl.a(common.c.obj)
                0x00000000080082b4                pinctrl_lookup_state
 .text.reset_stm32_status
                0x00000000080082da       0x20 zephyr/drivers/reset/libdrivers__reset.a(reset_stm32.c.obj)
 .text.reset_stm32_line_assert
                0x00000000080082fa       0x1c zephyr/drivers/reset/libdrivers__reset.a(reset_stm32.c.obj)
 .text.reset_stm32_line_deassert
                0x0000000008008316       0x1e zephyr/drivers/reset/libdrivers__reset.a(reset_stm32.c.obj)
 .text.reset_stm32_line_toggle
                0x0000000008008334       0x16 zephyr/drivers/reset/libdrivers__reset.a(reset_stm32.c.obj)
 .text.uart_stm32_ll2cfg_databits
                0x000000000800834a       0x2a zephyr/drivers/serial/libdrivers__serial.a(uart_stm32.c.obj)
 .text.uart_stm32_err_check
                0x0000000008008374       0x62 zephyr/drivers/serial/libdrivers__serial.a(uart_stm32.c.obj)
 .text.uart_stm32_irq_tx_enable
                0x00000000080083d6       0x16 zephyr/drivers/serial/libdrivers__serial.a(uart_stm32.c.obj)
 .text.uart_stm32_irq_tx_disable
                0x00000000080083ec       0x16 zephyr/drivers/serial/libdrivers__serial.a(uart_stm32.c.obj)
 .text.uart_stm32_irq_rx_enable
                0x0000000008008402       0x16 zephyr/drivers/serial/libdrivers__serial.a(uart_stm32.c.obj)
 .text.uart_stm32_irq_rx_disable
                0x0000000008008418       0x16 zephyr/drivers/serial/libdrivers__serial.a(uart_stm32.c.obj)
 .text.uart_stm32_irq_rx_ready
                0x000000000800842e        0xc zephyr/drivers/serial/libdrivers__serial.a(uart_stm32.c.obj)
 .text.uart_stm32_irq_update
                0x000000000800843a        0x4 zephyr/drivers/serial/libdrivers__serial.a(uart_stm32.c.obj)
 .text.uart_stm32_irq_callback_set
                0x000000000800843e        0x8 zephyr/drivers/serial/libdrivers__serial.a(uart_stm32.c.obj)
 .text.uart_stm32_isr
                0x0000000008008446        0xc zephyr/drivers/serial/libdrivers__serial.a(uart_stm32.c.obj)
 .text.uart_stm32_irq_config_func_0
                0x0000000008008452       0x16 zephyr/drivers/serial/libdrivers__serial.a(uart_stm32.c.obj)
 .text.uart_stm32_irq_config_func_1
                0x0000000008008468       0x16 zephyr/drivers/serial/libdrivers__serial.a(uart_stm32.c.obj)
 .text.uart_stm32_irq_tx_complete
                0x000000000800847e        0xc zephyr/drivers/serial/libdrivers__serial.a(uart_stm32.c.obj)
 .text.uart_stm32_irq_tx_ready
                0x000000000800848a       0x14 zephyr/drivers/serial/libdrivers__serial.a(uart_stm32.c.obj)
 .text.uart_stm32_config_get
                0x000000000800849e       0x92 zephyr/drivers/serial/libdrivers__serial.a(uart_stm32.c.obj)
 .text.uart_stm32_fifo_fill
                0x0000000008008530       0x64 zephyr/drivers/serial/libdrivers__serial.a(uart_stm32.c.obj)
 .text.uart_stm32_poll_out
                0x0000000008008594       0x3a zephyr/drivers/serial/libdrivers__serial.a(uart_stm32.c.obj)
 .text.uart_stm32_irq_is_pending
                0x00000000080085ce       0x24 zephyr/drivers/serial/libdrivers__serial.a(uart_stm32.c.obj)
 .text.uart_stm32_fifo_read
                0x00000000080085f2       0x4c zephyr/drivers/serial/libdrivers__serial.a(uart_stm32.c.obj)
 .text.uart_stm32_poll_in
                0x000000000800863e       0x22 zephyr/drivers/serial/libdrivers__serial.a(uart_stm32.c.obj)
 .text.uart_stm32_parameters_set
                0x0000000008008660      0x136 zephyr/drivers/serial/libdrivers__serial.a(uart_stm32.c.obj)
 .text.z_device_state_init
                0x0000000008008796        0x2 zephyr/kernel/libkernel.a(device.c.obj)
                0x0000000008008796                z_device_state_init
 .text.z_device_is_ready
                0x0000000008008798       0x16 zephyr/kernel/libkernel.a(device.c.obj)
                0x0000000008008798                z_device_is_ready
 .text.arch_system_halt
                0x00000000080087ae       0x12 zephyr/kernel/libkernel.a(fatal.c.obj)
                0x00000000080087ae                arch_system_halt
 .text.k_sys_fatal_error_handler
                0x00000000080087c0        0x6 zephyr/kernel/libkernel.a(fatal.c.obj)
                0x00000000080087c0                k_sys_fatal_error_handler
 .text.z_early_memset
                0x00000000080087c6        0x4 zephyr/kernel/libkernel.a(init.c.obj)
                0x00000000080087c6                z_early_memset
 .text.z_early_memcpy
                0x00000000080087ca        0x4 zephyr/kernel/libkernel.a(init.c.obj)
                0x00000000080087ca                z_early_memcpy
 .text.k_is_in_isr
                0x00000000080087ce        0xc zephyr/kernel/libkernel.a(thread.c.obj)
                0x00000000080087ce                k_is_in_isr
 .text.k_thread_name_get
                0x00000000080087da        0x4 zephyr/kernel/libkernel.a(thread.c.obj)
                0x00000000080087da                k_thread_name_get
 .text.z_impl_k_thread_start
                0x00000000080087de        0x4 zephyr/kernel/libkernel.a(thread.c.obj)
                0x00000000080087de                z_impl_k_thread_start
 .text.z_stack_space_get
                0x00000000080087e2       0x18 zephyr/kernel/libkernel.a(thread.c.obj)
                0x00000000080087e2                z_stack_space_get
 .text.z_impl_k_thread_stack_space_get
                0x00000000080087fa        0xa zephyr/kernel/libkernel.a(thread.c.obj)
                0x00000000080087fa                z_impl_k_thread_stack_space_get
 .text.idle     0x0000000008008804       0x18 zephyr/kernel/libkernel.a(idle.c.obj)
                0x0000000008008804                idle
 .text.adjust_owner_prio.isra.0
                0x000000000800881c       0x10 zephyr/kernel/libkernel.a(mutex.c.obj)
 .text.z_impl_k_mutex_init
                0x000000000800882c        0xe zephyr/kernel/libkernel.a(mutex.c.obj)
                0x000000000800882c                z_impl_k_mutex_init
 .text.flag_test_and_clear
                0x000000000800883a       0x16 zephyr/kernel/libkernel.a(work.c.obj)
 .text.notify_queue_locked.isra.0
                0x0000000008008850        0xe zephyr/kernel/libkernel.a(work.c.obj)
 .text.k_work_init
                0x000000000800885e       0x12 zephyr/kernel/libkernel.a(work.c.obj)
                0x000000000800885e                k_work_init
 .text.z_work_submit_to_queue
                0x0000000008008870       0x28 zephyr/kernel/libkernel.a(work.c.obj)
                0x0000000008008870                z_work_submit_to_queue
 .text.k_work_submit_to_queue
                0x0000000008008898       0x22 zephyr/kernel/libkernel.a(work.c.obj)
                0x0000000008008898                k_work_submit_to_queue
 .text.sys_dlist_remove
                0x00000000080088ba       0x10 zephyr/kernel/libkernel.a(sched.c.obj)
 .text.unpend_thread_no_timeout
                0x00000000080088ca       0x14 zephyr/kernel/libkernel.a(sched.c.obj)
 .text.z_sched_prio_cmp
                0x00000000080088de       0x12 zephyr/kernel/libkernel.a(sched.c.obj)
                0x00000000080088de                z_sched_prio_cmp
 .text.add_to_waitq_locked
                0x00000000080088f0       0x50 zephyr/kernel/libkernel.a(sched.c.obj)
 .text.z_ready_thread
                0x0000000008008940       0x20 zephyr/kernel/libkernel.a(sched.c.obj)
                0x0000000008008940                z_ready_thread
 .text.z_impl_k_thread_suspend
                0x0000000008008960       0x36 zephyr/kernel/libkernel.a(sched.c.obj)
                0x0000000008008960                z_impl_k_thread_suspend
 .text.z_sched_wake_thread
                0x0000000008008996       0x44 zephyr/kernel/libkernel.a(sched.c.obj)
                0x0000000008008996                z_sched_wake_thread
 .text.z_thread_timeout
                0x00000000080089da        0x8 zephyr/kernel/libkernel.a(sched.c.obj)
                0x00000000080089da                z_thread_timeout
 .text.z_unpend1_no_timeout
                0x00000000080089e2       0x2e zephyr/kernel/libkernel.a(sched.c.obj)
                0x00000000080089e2                z_unpend1_no_timeout
 .text.z_unpend_first_thread
                0x0000000008008a10       0x38 zephyr/kernel/libkernel.a(sched.c.obj)
                0x0000000008008a10                z_unpend_first_thread
 .text.z_unpend_thread
                0x0000000008008a48       0x30 zephyr/kernel/libkernel.a(sched.c.obj)
                0x0000000008008a48                z_unpend_thread
 .text.z_reschedule_irqlock
                0x0000000008008a78       0x18 zephyr/kernel/libkernel.a(sched.c.obj)
                0x0000000008008a78                z_reschedule_irqlock
 .text.z_reschedule_unlocked
                0x0000000008008a90       0x14 zephyr/kernel/libkernel.a(sched.c.obj)
 .text.z_thread_abort
                0x0000000008008aa4       0x42 zephyr/kernel/libkernel.a(sched.c.obj)
                0x0000000008008aa4                z_thread_abort
 .text.z_sched_wake
                0x0000000008008ae6       0x48 zephyr/kernel/libkernel.a(sched.c.obj)
                0x0000000008008ae6                z_sched_wake
 .text.z_abort_timeout
                0x0000000008008b2e       0x2c zephyr/kernel/libkernel.a(timeout.c.obj)
                0x0000000008008b2e                z_abort_timeout
 .text.sys_clock_tick_get_32
                0x0000000008008b5a        0x8 zephyr/kernel/libkernel.a(timeout.c.obj)
                0x0000000008008b5a                sys_clock_tick_get_32
 .text.z_impl_k_uptime_ticks
                0x0000000008008b62        0x4 zephyr/kernel/libkernel.a(timeout.c.obj)
                0x0000000008008b62                z_impl_k_uptime_ticks
 .text.z_impl_k_timer_stop
                0x0000000008008b66       0x3a zephyr/kernel/libkernel.a(timer.c.obj)
                0x0000000008008b66                z_impl_k_timer_stop
 .text.clear_event_registrations
                0x0000000008008ba0       0x5e zephyr/kernel/libkernel.a(poll.c.obj)
 .text.add_event
                0x0000000008008bfe       0x62 zephyr/kernel/libkernel.a(poll.c.obj)
 .text.register_events
                0x0000000008008c60       0xee zephyr/kernel/libkernel.a(poll.c.obj)
 .text.signal_poll_event
                0x0000000008008d4e       0x8c zephyr/kernel/libkernel.a(poll.c.obj)
 .text.k_poll_event_init
                0x0000000008008dda       0x1e zephyr/kernel/libkernel.a(poll.c.obj)
                0x0000000008008dda                k_poll_event_init
 .text.z_handle_obj_poll_events
                0x0000000008008df8       0x36 zephyr/kernel/libkernel.a(poll.c.obj)
                0x0000000008008df8                z_handle_obj_poll_events
 .text.z_impl_k_poll_signal_init
                0x0000000008008e2e        0xa zephyr/kernel/libkernel.a(poll.c.obj)
                0x0000000008008e2e                z_impl_k_poll_signal_init
 .text.z_impl_k_poll_signal_reset
                0x0000000008008e38        0x6 zephyr/kernel/libkernel.a(poll.c.obj)
                0x0000000008008e38                z_impl_k_poll_signal_reset
 .text.z_impl_k_poll_signal_check
                0x0000000008008e3e        0xa zephyr/kernel/libkernel.a(poll.c.obj)
                0x0000000008008e3e                z_impl_k_poll_signal_check
 .text.k_heap_init
                0x0000000008008e48       0x10 zephyr/kernel/libkernel.a(kheap.c.obj)
                0x0000000008008e48                k_heap_init
 .text.memcmp   0x0000000008008e58       0x20 /home/parallels/zephyr-sdk-0.16.3/arm-zephyr-eabi/bin/../lib/gcc/../../picolibc/arm-zephyr-eabi/lib/thumb/v7e-m/nofp/libc.a(libc_string_memcmp.c.o)
                0x0000000008008e58                memcmp
 .text.strchr   0x0000000008008e78       0x1a /home/parallels/zephyr-sdk-0.16.3/arm-zephyr-eabi/bin/../lib/gcc/../../picolibc/arm-zephyr-eabi/lib/thumb/v7e-m/nofp/libc.a(libc_string_strchr.c.o)
                0x0000000008008e78                strchr
 .text.strncmp  0x0000000008008e92       0x24 /home/parallels/zephyr-sdk-0.16.3/arm-zephyr-eabi/bin/../lib/gcc/../../picolibc/arm-zephyr-eabi/lib/thumb/v7e-m/nofp/libc.a(libc_string_strncmp.c.o)
                0x0000000008008e92                strncmp
 .text.strncpy  0x0000000008008eb6       0x20 /home/parallels/zephyr-sdk-0.16.3/arm-zephyr-eabi/bin/../lib/gcc/../../picolibc/arm-zephyr-eabi/lib/thumb/v7e-m/nofp/libc.a(libc_string_strncpy.c.o)
                0x0000000008008eb6                strncpy
 .text.strnlen  0x0000000008008ed6       0x18 /home/parallels/zephyr-sdk-0.16.3/arm-zephyr-eabi/bin/../lib/gcc/../../picolibc/arm-zephyr-eabi/lib/thumb/v7e-m/nofp/libc.a(libc_string_strnlen.c.o)
                0x0000000008008ed6                strnlen
 .text.strstr   0x0000000008008eee       0x2c /home/parallels/zephyr-sdk-0.16.3/arm-zephyr-eabi/bin/../lib/gcc/../../picolibc/arm-zephyr-eabi/lib/thumb/v7e-m/nofp/libc.a(libc_string_strstr.c.o)
                0x0000000008008eee                strstr
 .text.__ultoa_invert
                0x0000000008008f1a       0x58 /home/parallels/zephyr-sdk-0.16.3/arm-zephyr-eabi/bin/../lib/gcc/../../picolibc/arm-zephyr-eabi/lib/thumb/v7e-m/nofp/libc.a(libc_tinystdio_vfprintf.c.o)
 .text.mulShiftAll64
                0x0000000008008f72      0x176 /home/parallels/zephyr-sdk-0.16.3/arm-zephyr-eabi/bin/../lib/gcc/../../picolibc/arm-zephyr-eabi/lib/thumb/v7e-m/nofp/libc.a(libc_tinystdio_dtoa_ryu.c.o)
 .text.__umul128
                0x00000000080090e8       0x36 /home/parallels/zephyr-sdk-0.16.3/arm-zephyr-eabi/bin/../lib/gcc/../../picolibc/arm-zephyr-eabi/lib/thumb/v7e-m/nofp/libc.a(libc_tinystdio_ryu_umul128.c.o)
                0x00000000080090e8                __umul128
 .text.__shiftright128
                0x000000000800911e       0x3e /home/parallels/zephyr-sdk-0.16.3/arm-zephyr-eabi/bin/../lib/gcc/../../picolibc/arm-zephyr-eabi/lib/thumb/v7e-m/nofp/libc.a(libc_tinystdio_ryu_umul128.c.o)
                0x000000000800911e                __shiftright128
 .text.memcpy   0x000000000800915c       0x1c /home/parallels/zephyr-sdk-0.16.3/arm-zephyr-eabi/bin/../lib/gcc/../../picolibc/arm-zephyr-eabi/lib/thumb/v7e-m/nofp/libc.a(memcpy.c.o)
                0x000000000800915c                memcpy
                0x000000000800915c                __aeabi_memcpy
                0x000000000800915c                __aeabi_memcpy4
                0x000000000800915c                __aeabi_memcpy8
 .text.memmove  0x0000000008009178       0x34 /home/parallels/zephyr-sdk-0.16.3/arm-zephyr-eabi/bin/../lib/gcc/../../picolibc/arm-zephyr-eabi/lib/thumb/v7e-m/nofp/libc.a(memmove.c.o)
                0x0000000008009178                memmove
                0x0000000008009178                __aeabi_memmove8
                0x0000000008009178                __aeabi_memmove
                0x0000000008009178                __aeabi_memmove4
 .text.memset   0x00000000080091ac       0x10 /home/parallels/zephyr-sdk-0.16.3/arm-zephyr-eabi/bin/../lib/gcc/../../picolibc/arm-zephyr-eabi/lib/thumb/v7e-m/nofp/libc.a(memset.c.o)
                0x00000000080091ac                memset
 .text.__file_str_put
                0x00000000080091bc       0x10 /home/parallels/zephyr-sdk-0.16.3/arm-zephyr-eabi/bin/../lib/gcc/../../picolibc/arm-zephyr-eabi/lib/thumb/v7e-m/nofp/libc.a(libc_tinystdio_filestrput.c.o)
                0x00000000080091bc                __file_str_put
 *(SORT_BY_ALIGNMENT(.TEXT.*))
 .TEXT.__aeabi_read_tp
                0x00000000080091cc        0xc zephyr/arch/arch/arm/core/cortex_m/libarch__arm__core__cortex_m.a(__aeabi_read_tp.S.obj)
                0x00000000080091cc                __aeabi_read_tp
 *(SORT_BY_ALIGNMENT(.gnu.linkonce.t.*))
 *(SORT_BY_ALIGNMENT(.glue_7t))
 .glue_7t       0x00000000080091d8        0x0 linker stubs
 *(SORT_BY_ALIGNMENT(.glue_7))
 .glue_7        0x00000000080091d8        0x0 linker stubs
 *(SORT_BY_ALIGNMENT(.vfp11_veneer))
 .vfp11_veneer  0x00000000080091d8        0x0 linker stubs
 *(SORT_BY_ALIGNMENT(.v4_bx))
 .v4_bx         0x00000000080091d8        0x0 linker stubs
                0x00000000080091d8                . = ALIGN (0x4)
                0x00000000080091d8                __text_region_end = .

.ARM.exidx      0x00000000080091d8        0x8
                0x00000000080091d8                __exidx_start = .
 *(SORT_BY_ALIGNMENT(.ARM.exidx*) SORT_BY_ALIGNMENT(gnu.linkonce.armexidx.*))
 .ARM.exidx     0x00000000080091d8        0x8 /home/parallels/zephyr-sdk-0.16.3/arm-zephyr-eabi/bin/../lib/gcc/arm-zephyr-eabi/12.2.0/thumb/v7e-m/nofp/libgcc.a(_udivmoddi4.o)
 .ARM.exidx     0x00000000080091e0        0x0 /home/parallels/zephyr-sdk-0.16.3/arm-zephyr-eabi/bin/../lib/gcc/../../picolibc/arm-zephyr-eabi/lib/thumb/v7e-m/nofp/libc.a(strcmp.S.o)
                                          0x8 (size before relaxing)
 .ARM.exidx     0x00000000080091e0        0x0 /home/parallels/zephyr-sdk-0.16.3/arm-zephyr-eabi/bin/../lib/gcc/../../picolibc/arm-zephyr-eabi/lib/thumb/v7e-m/nofp/libc.a(strcpy.S.o)
                                          0x8 (size before relaxing)
 .ARM.exidx     0x00000000080091e0        0x0 /home/parallels/zephyr-sdk-0.16.3/arm-zephyr-eabi/bin/../lib/gcc/../../picolibc/arm-zephyr-eabi/lib/thumb/v7e-m/nofp/libc.a(strlen.S.o)
                                          0x8 (size before relaxing)
                0x00000000080091e0                __exidx_end = .
                0x00000000080091e0                __rodata_region_start = .

initlevel       0x00000000080091e0       0xa0
                0x00000000080091e0                __init_start = .
                0x00000000080091e0                __init_EARLY_start = .
 *(SORT_BY_NAME(SORT_BY_ALIGNMENT(.z_init_EARLY?_*)))
 *(SORT_BY_NAME(SORT_BY_ALIGNMENT(.z_init_EARLY??_*)))
                0x00000000080091e0                __init_PRE_KERNEL_1_start = .
 *(SORT_BY_NAME(SORT_BY_ALIGNMENT(.z_init_PRE_KERNEL_1?_*)))
 .z_init_PRE_KERNEL_10_0_
                0x00000000080091e0        0x8 zephyr/libzephyr.a(soc.c.obj)
 .z_init_PRE_KERNEL_11_00009_
                0x00000000080091e8        0x8 zephyr/drivers/clock_control/libdrivers__clock_control.a(clock_stm32_ll_common.c.obj)
 .z_init_PRE_KERNEL_11_0_
                0x00000000080091f0        0x8 zephyr/libzephyr.a(soc_config.c.obj)
 *(SORT_BY_NAME(SORT_BY_ALIGNMENT(.z_init_PRE_KERNEL_1??_*)))
 .z_init_PRE_KERNEL_130_0_
                0x00000000080091f8        0x8 zephyr/kernel/libkernel.a(kheap.c.obj)
 .z_init_PRE_KERNEL_135_00035_
                0x0000000008009200        0x8 zephyr/drivers/reset/libdrivers__reset.a(reset_stm32.c.obj)
 .z_init_PRE_KERNEL_140_00017_
                0x0000000008009208        0x8 zephyr/drivers/gpio/libdrivers__gpio.a(gpio_stm32.c.obj)
 .z_init_PRE_KERNEL_140_00029_
                0x0000000008009210        0x8 zephyr/drivers/gpio/libdrivers__gpio.a(gpio_stm32.c.obj)
 .z_init_PRE_KERNEL_140_00054_
                0x0000000008009218        0x8 zephyr/drivers/interrupt_controller/libdrivers__interrupt_controller.a(intc_exti_stm32.c.obj)
 .z_init_PRE_KERNEL_140_00076_
                0x0000000008009220        0x8 zephyr/drivers/gpio/libdrivers__gpio.a(gpio_stm32.c.obj)
 .z_init_PRE_KERNEL_140_00094_
                0x0000000008009228        0x8 zephyr/drivers/gpio/libdrivers__gpio.a(gpio_stm32.c.obj)
 .z_init_PRE_KERNEL_140_00095_
                0x0000000008009230        0x8 zephyr/drivers/gpio/libdrivers__gpio.a(gpio_stm32.c.obj)
 .z_init_PRE_KERNEL_140_00096_
                0x0000000008009238        0x8 zephyr/drivers/gpio/libdrivers__gpio.a(gpio_stm32.c.obj)
 .z_init_PRE_KERNEL_140_00097_
                0x0000000008009240        0x8 zephyr/drivers/gpio/libdrivers__gpio.a(gpio_stm32.c.obj)
 .z_init_PRE_KERNEL_155_00062_
                0x0000000008009248        0x8 zephyr/drivers/serial/libdrivers__serial.a(uart_stm32.c.obj)
 .z_init_PRE_KERNEL_155_00065_
                0x0000000008009250        0x8 zephyr/drivers/serial/libdrivers__serial.a(uart_stm32.c.obj)
 .z_init_PRE_KERNEL_160_0_
                0x0000000008009258        0x8 zephyr/drivers/console/libdrivers__console.a(uart_console.c.obj)
                0x0000000008009260                __init_PRE_KERNEL_2_start = .
 *(SORT_BY_NAME(SORT_BY_ALIGNMENT(.z_init_PRE_KERNEL_2?_*)))
 .z_init_PRE_KERNEL_20_0_
                0x0000000008009260        0x8 zephyr/drivers/timer/libdrivers__timer.a(cortex_m_systick.c.obj)
 *(SORT_BY_NAME(SORT_BY_ALIGNMENT(.z_init_PRE_KERNEL_2??_*)))
                0x0000000008009268                __init_POST_KERNEL_start = .
 *(SORT_BY_NAME(SORT_BY_ALIGNMENT(.z_init_POST_KERNEL?_*)))
 .z_init_POST_KERNEL0_0_
                0x0000000008009268        0x8 zephyr/libzephyr.a(shell_uart.c.obj)
 *(SORT_BY_NAME(SORT_BY_ALIGNMENT(.z_init_POST_KERNEL??_*)))
 .z_init_POST_KERNEL40_0_
                0x0000000008009270        0x8 zephyr/lib/libc/common/liblib__libc__common.a(malloc.c.obj)
 .z_init_POST_KERNEL40_0_
                0x0000000008009278        0x8 zephyr/kernel/libkernel.a(system_work_q.c.obj)
                0x0000000008009280                __init_APPLICATION_start = .
 *(SORT_BY_NAME(SORT_BY_ALIGNMENT(.z_init_APPLICATION?_*)))
 *(SORT_BY_NAME(SORT_BY_ALIGNMENT(.z_init_APPLICATION??_*)))
                0x0000000008009280                __init_SMP_start = .
 *(SORT_BY_NAME(SORT_BY_ALIGNMENT(.z_init_SMP?_*)))
 *(SORT_BY_NAME(SORT_BY_ALIGNMENT(.z_init_SMP??_*)))
                0x0000000008009280                __init_end = .

device_area     0x0000000008009280       0xf0
                0x0000000008009280                _device_list_start = .
 *(SORT_BY_NAME(SORT_BY_ALIGNMENT(._device.static.*_?_*)))
 ._device.static.1_1_
                0x0000000008009280       0x14 zephyr/drivers/clock_control/libdrivers__clock_control.a(clock_stm32_ll_common.c.obj)
                0x0000000008009280                __device_dts_ord_9
 *(SORT_BY_NAME(SORT_BY_ALIGNMENT(._device.static.*_??_*)))
 ._device.static.1_35_
                0x0000000008009294       0x14 zephyr/drivers/reset/libdrivers__reset.a(reset_stm32.c.obj)
                0x0000000008009294                __device_dts_ord_35
 ._device.static.1_40_
                0x00000000080092a8       0x14 zephyr/drivers/interrupt_controller/libdrivers__interrupt_controller.a(intc_exti_stm32.c.obj)
                0x00000000080092a8                __device_dts_ord_54
 ._device.static.1_40_
                0x00000000080092bc       0x8c zephyr/drivers/gpio/libdrivers__gpio.a(gpio_stm32.c.obj)
                0x00000000080092bc                __device_dts_ord_97
                0x00000000080092d0                __device_dts_ord_96
                0x00000000080092e4                __device_dts_ord_95
                0x00000000080092f8                __device_dts_ord_94
                0x000000000800930c                __device_dts_ord_29
                0x0000000008009320                __device_dts_ord_76
                0x0000000008009334                __device_dts_ord_17
 ._device.static.1_55_
                0x0000000008009348       0x28 zephyr/drivers/serial/libdrivers__serial.a(uart_stm32.c.obj)
                0x0000000008009348                __device_dts_ord_62
                0x000000000800935c                __device_dts_ord_65
                0x0000000008009370                _device_list_end = .

sw_isr_table    0x0000000008009370      0x330
                0x0000000008009370                . = ALIGN (0x4)
 *(SORT_BY_ALIGNMENT(.gnu.linkonce.sw_isr_table*))
 .gnu.linkonce.sw_isr_table
                0x0000000008009370      0x330 zephyr/arch/common/libisr_tables.a(isr_tables.c.obj)
                0x0000000008009370                _sw_isr_table

initlevel_error
                0x00000000080091e0        0x0
 *(SORT_BY_NAME(SORT_BY_ALIGNMENT(.z_init_[_A-Z0-9]*)))
                0x0000000000000001                ASSERT ((SIZEOF (initlevel_error) == 0x0), Undefined initialization levels used.)

app_shmem_regions
                0x00000000080096a0        0x0
                0x00000000080096a0                __app_shmem_regions_start = .
 *(SORT_BY_NAME(SORT_BY_ALIGNMENT(.app_regions.*)))
                0x00000000080096a0                __app_shmem_regions_end = .

k_p4wq_initparam_area
                0x00000000080096a0        0x0
                0x00000000080096a0                _k_p4wq_initparam_list_start = .
 *(SORT_BY_NAME(SORT_BY_ALIGNMENT(._k_p4wq_initparam.static.*)))
                0x00000000080096a0                _k_p4wq_initparam_list_end = .

_static_thread_data_area
                0x00000000080096a0        0x0
                0x00000000080096a0                __static_thread_data_list_start = .
 *(SORT_BY_NAME(SORT_BY_ALIGNMENT(.__static_thread_data.static.*)))
                0x00000000080096a0                __static_thread_data_list_end = .

device_deps     0x00000000080096a0        0x0
                0x00000000080096a0                __device_deps_start = .
 *(SORT_BY_NAME(SORT_BY_ALIGNMENT(.__device_deps_pass2*)))
                0x00000000080096a0                __device_deps_end = .

ztest           0x00000000080096a0        0x0
                0x00000000080096a0                _ztest_expected_result_entry_list_start = .
 *(SORT_BY_NAME(SORT_BY_ALIGNMENT(._ztest_expected_result_entry.static.*)))
                0x00000000080096a0                _ztest_expected_result_entry_list_end = .
                0x00000000080096a0                _ztest_suite_node_list_start = .
 *(SORT_BY_NAME(SORT_BY_ALIGNMENT(._ztest_suite_node.static.*)))
                0x00000000080096a0                _ztest_suite_node_list_end = .
                0x00000000080096a0                _ztest_unit_test_list_start = .
 *(SORT_BY_NAME(SORT_BY_ALIGNMENT(._ztest_unit_test.static.*)))
                0x00000000080096a0                _ztest_unit_test_list_end = .
                0x00000000080096a0                _ztest_test_rule_list_start = .
 *(SORT_BY_NAME(SORT_BY_ALIGNMENT(._ztest_test_rule.static.*)))
                0x00000000080096a0                _ztest_test_rule_list_end = .

bt_l2cap_fixed_chan_area
                0x00000000080096a0        0x0
                0x00000000080096a0                _bt_l2cap_fixed_chan_list_start = .
 *(SORT_BY_NAME(SORT_BY_ALIGNMENT(._bt_l2cap_fixed_chan.static.*)))
                0x00000000080096a0                _bt_l2cap_fixed_chan_list_end = .

bt_gatt_service_static_area
                0x00000000080096a0        0x0
                0x00000000080096a0                _bt_gatt_service_static_list_start = .
 *(SORT_BY_NAME(SORT_BY_ALIGNMENT(._bt_gatt_service_static.static.*)))
                0x00000000080096a0                _bt_gatt_service_static_list_end = .

log_strings_area
                0x00000000080096a0        0x0
                0x00000000080096a0                _log_strings_list_start = .
 *(SORT_BY_NAME(SORT_BY_ALIGNMENT(._log_strings.static.*)))
                0x00000000080096a0                _log_strings_list_end = .

log_const_area  0x00000000080096a0        0x0
                0x00000000080096a0                _log_const_list_start = .
 *(SORT_BY_NAME(SORT_BY_ALIGNMENT(._log_const.static.*)))
                0x00000000080096a0                _log_const_list_end = .

log_backend_area
                0x00000000080096a0        0x0
                0x00000000080096a0                _log_backend_list_start = .
 *(SORT_BY_NAME(SORT_BY_ALIGNMENT(._log_backend.static.*)))
                0x00000000080096a0                _log_backend_list_end = .

log_link_area   0x00000000080096a0        0x0
                0x00000000080096a0                _log_link_list_start = .
 *(SORT_BY_NAME(SORT_BY_ALIGNMENT(._log_link.static.*)))
                0x00000000080096a0                _log_link_list_end = .

tracing_backend_area
                0x00000000080096a0        0x0
                0x00000000080096a0                _tracing_backend_list_start = .
 *(SORT_BY_NAME(SORT_BY_ALIGNMENT(._tracing_backend.static.*)))
                0x00000000080096a0                _tracing_backend_list_end = .

zephyr_dbg_info
 *(SORT_BY_ALIGNMENT(.dbg_thread_info))

symbol_to_keep  0x00000000080096a0        0x0
                0x00000000080096a0                __symbol_to_keep_start = .
 *(SORT_BY_NAME(SORT_BY_ALIGNMENT(.symbol_to_keep*)))
                0x00000000080096a0                __symbol_to_keep_end = .

shell_area      0x00000000080096a0       0x2c
                0x00000000080096a0                _shell_list_start = .
 *(SORT_BY_NAME(SORT_BY_ALIGNMENT(._shell.static.*)))
 ._shell.static.shell_uart_
                0x00000000080096a0       0x2c zephyr/libzephyr.a(shell_uart.c.obj)
                0x00000000080096cc                _shell_list_end = .

shell_root_cmds_area
                0x00000000080096cc       0x28
                0x00000000080096cc                _shell_root_cmds_list_start = .
 *(SORT_BY_NAME(SORT_BY_ALIGNMENT(._shell_root_cmds.static.*)))
 ._shell_root_cmds.static.shell_cmd_clear_
                0x00000000080096cc        0x4 zephyr/libzephyr.a(shell_cmds.c.obj)
 ._shell_root_cmds.static.shell_cmd_device_
                0x00000000080096d0        0x4 zephyr/libzephyr.a(device_service.c.obj)
 ._shell_root_cmds.static.shell_cmd_devmem_
                0x00000000080096d4        0x4 zephyr/libzephyr.a(devmem_service.c.obj)
 ._shell_root_cmds.static.shell_cmd_help_
                0x00000000080096d8        0x4 zephyr/libzephyr.a(shell.c.obj)
 ._shell_root_cmds.static.shell_cmd_history_
                0x00000000080096dc        0x4 zephyr/libzephyr.a(shell_cmds.c.obj)
 ._shell_root_cmds.static.shell_cmd_kernel_
                0x00000000080096e0        0x4 zephyr/libzephyr.a(kernel_service.c.obj)
 ._shell_root_cmds.static.shell_cmd_rem_
                0x00000000080096e4        0x4 zephyr/libzephyr.a(shell_cmds.c.obj)
 ._shell_root_cmds.static.shell_cmd_resize_
                0x00000000080096e8        0x4 zephyr/libzephyr.a(shell_cmds.c.obj)
 ._shell_root_cmds.static.shell_cmd_retval_
                0x00000000080096ec        0x4 zephyr/libzephyr.a(shell_cmds.c.obj)
 ._shell_root_cmds.static.shell_cmd_shell_
                0x00000000080096f0        0x4 zephyr/libzephyr.a(shell_cmds.c.obj)
                0x00000000080096f4                _shell_root_cmds_list_end = .

shell_subcmds_area
                0x00000000080096f4       0x14
                0x00000000080096f4                _shell_subcmds_list_start = .
 *(SORT_BY_NAME(SORT_BY_ALIGNMENT(._shell_subcmds.static.*)))
 ._shell_subcmds.static._999_
                0x00000000080096f4       0x14 zephyr/libzephyr.a(shell_utils.c.obj)
                0x0000000008009708                _shell_subcmds_list_end = .

shell_dynamic_subcmds_area
                0x0000000008009708        0x0
                0x0000000008009708                _shell_dynamic_subcmds_list_start = .
 *(SORT_BY_NAME(SORT_BY_ALIGNMENT(._shell_dynamic_subcmds.static.*)))
                0x0000000008009708                _shell_dynamic_subcmds_list_end = .

cfb_font_area   0x0000000008009708        0x0
                0x0000000008009708                _cfb_font_list_start = .
 *(SORT_BY_NAME(SORT_BY_ALIGNMENT(._cfb_font.static.*)))
                0x0000000008009708                _cfb_font_list_end = .

tdata           0x0000000008009708        0x0
 *(SORT_BY_ALIGNMENT(.tdata) SORT_BY_ALIGNMENT(.tdata.*) SORT_BY_ALIGNMENT(.gnu.linkonce.td.*))

tbss            0x0000000008009708        0x8
 *(SORT_BY_ALIGNMENT(.tbss) SORT_BY_ALIGNMENT(.tbss.*) SORT_BY_ALIGNMENT(.gnu.linkonce.tb.*) SORT_BY_ALIGNMENT(.tcommon))
 .tbss.z_tls_current
                0x0000000008009708        0x4 zephyr/libzephyr.a(thread_entry.c.obj)
                0x0000000008009708                z_tls_current
 .tbss.errno    0x000000000800970c        0x4 /home/parallels/zephyr-sdk-0.16.3/arm-zephyr-eabi/bin/../lib/gcc/../../picolibc/arm-zephyr-eabi/lib/thumb/v7e-m/nofp/libc.a(libc_errno_errno.c.o)
                0x000000000800970c                errno
                0x0000000008009708                PROVIDE (__tdata_start = LOADADDR (tdata))
                0x0000000000000000                PROVIDE (__tdata_size = SIZEOF (tdata))
                [!provide]                        PROVIDE (__tdata_end = (__tdata_start + __tdata_size))
                0x0000000000000001                PROVIDE (__tdata_align = ALIGNOF (tdata))
                [!provide]                        PROVIDE (__tbss_start = ADDR (tbss))
                0x0000000000000008                PROVIDE (__tbss_size = SIZEOF (tbss))
                [!provide]                        PROVIDE (__tbss_end = (__tbss_start + __tbss_size))
                0x0000000000000004                PROVIDE (__tbss_align = ALIGNOF (tbss))
                [!provide]                        PROVIDE (__tls_start = __tdata_start)
                [!provide]                        PROVIDE (__tls_end = __tbss_end)
                [!provide]                        PROVIDE (__tls_size = (__tbss_end - __tdata_start))

rodata          0x0000000008009708     0x1cb4
 *(SORT_BY_ALIGNMENT(.rodata))
 .rodata        0x0000000008009708        0x8 zephyr/drivers/gpio/libdrivers__gpio.a(gpio_stm32.c.obj)
 .rodata        0x0000000008009710       0x10 zephyr/libzephyr.a(shell.c.obj)
 .rodata        0x0000000008009720       0x12 zephyr/libzephyr.a(shell_ops.c.obj)
 .rodata        0x0000000008009732       0x1a zephyr/libzephyr.a(shell_cmds.c.obj)
 *(SORT_BY_ALIGNMENT(.rodata.*))
 *fill*         0x000000000800974c        0x4 
 .rodata.DOUBLE_POW5_TABLE
                0x0000000008009750       0xd0 /home/parallels/zephyr-sdk-0.16.3/arm-zephyr-eabi/bin/../lib/gcc/../../picolibc/arm-zephyr-eabi/lib/thumb/v7e-m/nofp/libc.a(libc_tinystdio_ryu_table.c.o)
 .rodata.DOUBLE_POW5_SPLIT2
                0x0000000008009820       0xd0 /home/parallels/zephyr-sdk-0.16.3/arm-zephyr-eabi/bin/../lib/gcc/../../picolibc/arm-zephyr-eabi/lib/thumb/v7e-m/nofp/libc.a(libc_tinystdio_ryu_table.c.o)
 .rodata.DOUBLE_POW5_INV_SPLIT2
                0x00000000080098f0       0xf0 /home/parallels/zephyr-sdk-0.16.3/arm-zephyr-eabi/bin/../lib/gcc/../../picolibc/arm-zephyr-eabi/lib/thumb/v7e-m/nofp/libc.a(libc_tinystdio_ryu_table.c.o)
 .rodata.button
                0x00000000080099e0        0x8 app/libapp.a(main.c.obj)
 .rodata.mem_attr_region
                0x00000000080099e8        0x0 zephyr/libzephyr.a(mem_attr.c.obj)
 .rodata._shell_kernel
                0x00000000080099e8       0x14 zephyr/libzephyr.a(kernel_service.c.obj)
 .rodata.sub_kernel
                0x00000000080099fc        0x4 zephyr/libzephyr.a(kernel_service.c.obj)
 .rodata.shell_sub_kernel
                0x0000000008009a00       0x8c zephyr/libzephyr.a(kernel_service.c.obj)
 .rodata._shell_device
                0x0000000008009a8c       0x14 zephyr/libzephyr.a(device_service.c.obj)
 .rodata.sub_device
                0x0000000008009aa0        0x4 zephyr/libzephyr.a(device_service.c.obj)
 .rodata.shell_sub_device
                0x0000000008009aa4       0x28 zephyr/libzephyr.a(device_service.c.obj)
 .rodata._shell_devmem
                0x0000000008009acc       0x14 zephyr/libzephyr.a(devmem_service.c.obj)
 .rodata.sub_devmem